<html>
<body>
<pre>
<h1>礦ision Build Log</h1>
<h2>Tool Versions:</h2>
IDE-Version: μVision V5.29.0.0
Copyright (C) 2019 ARM Ltd and ARM Germany GmbH. All rights reserved.
License Information: a a, a, LIC=LSNXV-PTS6J-TG37T-R844J-NK0DL-50BCV
 
Tool Versions:
Toolchain:       MDK-ARM Plus  Version: 5.29.0.0
Toolchain Path:  D:\software\keil5\ARM\ARMCC\Bin
C Compiler:      Armcc.exe V5.06 update 6 (build 750)
Assembler:       Armasm.exe V5.06 update 6 (build 750)
Linker/Locator:  ArmLink.exe V5.06 update 6 (build 750)
Library Manager: ArmAr.exe V5.06 update 6 (build 750)
Hex Converter:   FromElf.exe V5.06 update 6 (build 750)
CPU DLL:         SARMCM3.DLL V5.29.0.0
Dialog DLL:      DCM.DLL V1.17.3.0
Target DLL:      Segger\JL2CM3.dll V2.99.36.0
Dialog DLL:      TCM.DLL V1.36.5.0
 
<h2>Project:</h2>
F:\新建文件夹\2023_Electric_race_E\01_基于Jetson_nano运动目标控制与自动追踪系统设计代码\红光v3.5\Project\project_1\template1.uvprojx
Project File Date:  07/04/2025

<h2>Output:</h2>
*** Using Compiler 'V5.06 update 6 (build 750)', folder: 'D:\software\keil5\ARM\ARMCC\Bin'
Build target 'template1'
compiling stm32f10x_dac.c...
compiling stm32f10x_bkp.c...
compiling misc.c...
compiling system_stm32f10x.c...
compiling stm32f10x_crc.c...
compiling stm32f10x_cec.c...
compiling stm32f10x_can.c...
compiling stm32f10x_adc.c...
compiling stm32f10x_dbgmcu.c...
compiling stm32f10x_dma.c...
compiling stm32f10x_exti.c...
compiling stm32f10x_flash.c...
compiling stm32f10x_fsmc.c...
compiling stm32f10x_iwdg.c...
compiling stm32f10x_gpio.c...
compiling stm32f10x_i2c.c...
compiling stm32f10x_pwr.c...
compiling stm32f10x_rcc.c...
compiling stm32f10x_rtc.c...
compiling stm32f10x_sdio.c...
compiling stm32f10x_usart.c...
compiling stm32f10x_wwdg.c...
compiling stm32f10x_tim.c...
compiling stm32f10x_spi.c...
compiling stm32f10x_it.c...
compiling ExternPara.c...
compiling main.c...
..\..\Application\main.c(152): warning:  #177-D: variable "i"  was declared but never referenced
  	uint16_t i=0,k=15;
..\..\Application\main.c(152): warning:  #177-D: variable "k"  was declared but never referenced
  	uint16_t i=0,k=15;
..\..\Application\main.c: 2 warnings, 0 errors
compiling control.c...
compiling display.c...
compiling PID.c...
compiling usart.c...
..\..\Middleware\Usart\usart.c(20): warning:  #223-D: function "strcmp" declared implicitly
  				if(strcmp("1",(char *)Uart_Rx)==0){	mode=1;	}  //Target1为Y，Target2为x
..\..\Middleware\Usart\usart.c(86): warning:  #177-D: variable "Receive"  was declared but never referenced
  	char* Receive;	
..\..\Middleware\Usart\usart.c: 2 warnings, 0 errors
compiling Timer_IRQHandler.c...
compiling Angle.c...
..\..\Middleware\Angle\Angle.c(5): warning:  #47-D: incompatible redefinition of macro "PI"  (declared at line 43 of "..\..\Driver\Commonhead\commonhead.h")
  #define PI 3.14159
..\..\Middleware\Angle\Angle.c(145): warning:  #1-D: last line of file ends without a newline
  }
..\..\Middleware\Angle\Angle.c(111): warning:  #550-D: variable "dx"  was set but never used
  	double dx,dy,boxx,boxy,thyta;
..\..\Middleware\Angle\Angle.c(111): warning:  #550-D: variable "boxx"  was set but never used
  	double dx,dy,boxx,boxy,thyta;
..\..\Middleware\Angle\Angle.c(112): warning:  #177-D: variable "nx"  was declared but never referenced
  	int nx,ny;									//份数
..\..\Middleware\Angle\Angle.c: 5 warnings, 0 errors
compiling commonhead.c...
compiling nvic.c...
compiling LED.c...
compiling timer.c...
compiling key.c...
compiling Beep.c...
..\..\Driver\Beep\Beep.c(22): warning:  #1-D: last line of file ends without a newline
  }
..\..\Driver\Beep\Beep.c: 1 warning, 0 errors
compiling encoder.c...
compiling delay.c...
compiling init.c...
compiling OLED.c...
compiling I2C.c...
compiling I2C_MPU6050.c...
compiling left_control.c...
compiling MPU6050.c...
compiling sys.c...
compiling right_control.c...
compiling SEGGER_RTT_printf.c...
compiling SEGGER_RTT.c...
compiling usart1.c...
..\..\Driver\USART1\usart1.c(141): warning:  #223-D: function "itoa" declared implicitly
  	itoa(d, buf, 10);
..\..\Driver\USART1\usart1.c: 1 warning, 0 errors
compiling usart2.c...
..\..\Driver\USART2\usart2.c(142): warning:  #223-D: function "itoa" declared implicitly
  	itoa(d, buf, 10);
..\..\Driver\USART2\usart2.c: 1 warning, 0 errors
compiling usart3.c...
compiling inv_mpu_dmp_motion_driver.c...
compiling inv_mpu.c...
linking...
Program Size: Code=18404 RO-data=1888 RW-data=724 ZI-data=4108  
FromELF: creating hex file...
"..\..\Output\template1.axf" - 0 Error(s), 12 Warning(s).

<h2>Software Packages used:</h2>

Package Vendor: Keil
                http://www.keil.com/pack/Keil.STM32F1xx_DFP.1.0.5.pack
                Keil.STM32F1xx_DFP.1.0.5
                STMicroelectronics STM32F1 Series Device Support, Drivers and Examples

<h2>Collection of Component include folders:</h2>
  .\RTE\_template1
  D:\software\Local\Arm\Packs\Keil\STM32F1xx_DFP\1.0.5\Device\Include

<h2>Collection of Component Files used:</h2>
Build Time Elapsed:  00:00:09
</pre>
</body>
</html>
