Component: ARM Compiler 5.06 update 6 (build 750) Tool: armlink [4d35ed]

==============================================================================

Section Cross References

    startup_stm32f10x_md.o(RESET) refers to startup_stm32f10x_md.o(STACK) for __initial_sp
    startup_stm32f10x_md.o(RESET) refers to startup_stm32f10x_md.o(.text) for Reset_Handler
    startup_stm32f10x_md.o(RESET) refers to stm32f10x_it.o(i.NMI_Handler) for NMI_Handler
    startup_stm32f10x_md.o(RESET) refers to stm32f10x_it.o(i.HardFault_Handler) for HardFault_Handler
    startup_stm32f10x_md.o(RESET) refers to stm32f10x_it.o(i.MemManage_Handler) for MemManage_Handler
    startup_stm32f10x_md.o(RESET) refers to stm32f10x_it.o(i.BusFault_Handler) for BusFault_Handler
    startup_stm32f10x_md.o(RESET) refers to stm32f10x_it.o(i.UsageFault_Handler) for UsageFault_Handler
    startup_stm32f10x_md.o(RESET) refers to stm32f10x_it.o(i.SVC_Handler) for SVC_Handler
    startup_stm32f10x_md.o(RESET) refers to stm32f10x_it.o(i.DebugMon_Handler) for DebugMon_Handler
    startup_stm32f10x_md.o(RESET) refers to stm32f10x_it.o(i.PendSV_Handler) for PendSV_Handler
    startup_stm32f10x_md.o(RESET) refers to stm32f10x_it.o(i.SysTick_Handler) for SysTick_Handler
    startup_stm32f10x_md.o(RESET) refers to timer_irqhandler.o(i.TIM1_UP_IRQHandler) for TIM1_UP_IRQHandler
    startup_stm32f10x_md.o(RESET) refers to timer_irqhandler.o(i.TIM2_IRQHandler) for TIM2_IRQHandler
    startup_stm32f10x_md.o(RESET) refers to timer_irqhandler.o(i.TIM3_IRQHandler) for TIM3_IRQHandler
    startup_stm32f10x_md.o(RESET) refers to timer_irqhandler.o(i.TIM4_IRQHandler) for TIM4_IRQHandler
    startup_stm32f10x_md.o(RESET) refers to usart.o(i.USART1_IRQHandler) for USART1_IRQHandler
    startup_stm32f10x_md.o(RESET) refers to usart.o(i.USART2_IRQHandler) for USART2_IRQHandler
    startup_stm32f10x_md.o(RESET) refers to usart.o(i.USART3_IRQHandler) for USART3_IRQHandler
    startup_stm32f10x_md.o(.text) refers to system_stm32f10x.o(i.SystemInit) for SystemInit
    startup_stm32f10x_md.o(.text) refers to entry.o(.ARM.Collect$$$$00000000) for __main
    system_stm32f10x.o(i.SetSysClock) refers to system_stm32f10x.o(i.SetSysClockTo36) for SetSysClockTo36
    system_stm32f10x.o(i.SystemCoreClockUpdate) refers to system_stm32f10x.o(.data) for SystemCoreClock
    system_stm32f10x.o(i.SystemInit) refers to system_stm32f10x.o(i.SetSysClock) for SetSysClock
    stm32f10x_adc.o(i.ADC_DeInit) refers to stm32f10x_rcc.o(i.RCC_APB2PeriphResetCmd) for RCC_APB2PeriphResetCmd
    stm32f10x_bkp.o(i.BKP_DeInit) refers to stm32f10x_rcc.o(i.RCC_BackupResetCmd) for RCC_BackupResetCmd
    stm32f10x_can.o(i.CAN_DeInit) refers to stm32f10x_rcc.o(i.RCC_APB1PeriphResetCmd) for RCC_APB1PeriphResetCmd
    stm32f10x_can.o(i.CAN_GetITStatus) refers to stm32f10x_can.o(i.CheckITStatus) for CheckITStatus
    stm32f10x_can.o(i.CAN_Receive) refers to stm32f10x_can.o(i.CAN_FIFORelease) for CAN_FIFORelease
    stm32f10x_cec.o(i.CEC_DeInit) refers to stm32f10x_rcc.o(i.RCC_APB1PeriphResetCmd) for RCC_APB1PeriphResetCmd
    stm32f10x_dac.o(i.DAC_DeInit) refers to stm32f10x_rcc.o(i.RCC_APB1PeriphResetCmd) for RCC_APB1PeriphResetCmd
    stm32f10x_flash.o(i.FLASH_EnableWriteProtection) refers to stm32f10x_flash.o(i.FLASH_WaitForLastOperation) for FLASH_WaitForLastOperation
    stm32f10x_flash.o(i.FLASH_EraseAllBank1Pages) refers to stm32f10x_flash.o(i.FLASH_WaitForLastBank1Operation) for FLASH_WaitForLastBank1Operation
    stm32f10x_flash.o(i.FLASH_EraseAllPages) refers to stm32f10x_flash.o(i.FLASH_WaitForLastOperation) for FLASH_WaitForLastOperation
    stm32f10x_flash.o(i.FLASH_EraseOptionBytes) refers to stm32f10x_flash.o(i.FLASH_GetReadOutProtectionStatus) for FLASH_GetReadOutProtectionStatus
    stm32f10x_flash.o(i.FLASH_EraseOptionBytes) refers to stm32f10x_flash.o(i.FLASH_WaitForLastOperation) for FLASH_WaitForLastOperation
    stm32f10x_flash.o(i.FLASH_ErasePage) refers to stm32f10x_flash.o(i.FLASH_WaitForLastOperation) for FLASH_WaitForLastOperation
    stm32f10x_flash.o(i.FLASH_ProgramHalfWord) refers to stm32f10x_flash.o(i.FLASH_WaitForLastOperation) for FLASH_WaitForLastOperation
    stm32f10x_flash.o(i.FLASH_ProgramOptionByteData) refers to stm32f10x_flash.o(i.FLASH_WaitForLastOperation) for FLASH_WaitForLastOperation
    stm32f10x_flash.o(i.FLASH_ProgramWord) refers to stm32f10x_flash.o(i.FLASH_WaitForLastOperation) for FLASH_WaitForLastOperation
    stm32f10x_flash.o(i.FLASH_ReadOutProtection) refers to stm32f10x_flash.o(i.FLASH_WaitForLastOperation) for FLASH_WaitForLastOperation
    stm32f10x_flash.o(i.FLASH_UserOptionByteConfig) refers to stm32f10x_flash.o(i.FLASH_WaitForLastOperation) for FLASH_WaitForLastOperation
    stm32f10x_flash.o(i.FLASH_WaitForLastBank1Operation) refers to stm32f10x_flash.o(i.FLASH_GetBank1Status) for FLASH_GetBank1Status
    stm32f10x_flash.o(i.FLASH_WaitForLastOperation) refers to stm32f10x_flash.o(i.FLASH_GetBank1Status) for FLASH_GetBank1Status
[...]
    ..\..\Middleware\Usart\usart.c           0x00000000   Number         0  usart.o ABSOLUTE
    ..\..\Middleware\display\display.c       0x00000000   Number         0  display.o ABSOLUTE
    ..\\..\\Driver\\Sys\\sys.c               0x00000000   Number         0  sys.o ABSOLUTE
    ..\\..\\Libraries\\CMSIS\\core_cm3.c     0x00000000   Number         0  core_cm3.o ABSOLUTE
    cdcmple.s                                0x00000000   Number         0  cdcmple.o ABSOLUTE
    cdrcmple.s                               0x00000000   Number         0  cdrcmple.o ABSOLUTE
    cfcmple.s                                0x00000000   Number         0  cfcmple.o ABSOLUTE
    cfrcmple.s                               0x00000000   Number         0  cfrcmple.o ABSOLUTE
    dc.s                                     0x00000000   Number         0  dc.o ABSOLUTE
    handlers.s                               0x00000000   Number         0  handlers.o ABSOLUTE
    init.s                                   0x00000000   Number         0  init.o ABSOLUTE
    RESET                                    0x08000000   Section      236  startup_stm32f10x_md.o(RESET)
    .ARM.Collect$$$$00000000                 0x080000ec   Section        0  entry.o(.ARM.Collect$$$$00000000)
    .ARM.Collect$$$$00000001                 0x080000ec   Section        4  entry2.o(.ARM.Collect$$$$00000001)
    .ARM.Collect$$$$00000004                 0x080000f0   Section        4  entry5.o(.ARM.Collect$$$$00000004)
    .ARM.Collect$$$$00000008                 0x080000f4   Section        0  entry7b.o(.ARM.Collect$$$$00000008)
    .ARM.Collect$$$$0000000A                 0x080000f4   Section        0  entry8b.o(.ARM.Collect$$$$0000000A)
    .ARM.Collect$$$$0000000B                 0x080000f4   Section        8  entry9a.o(.ARM.Collect$$$$0000000B)
    .ARM.Collect$$$$0000000D                 0x080000fc   Section        0  entry10a.o(.ARM.Collect$$$$0000000D)
    .ARM.Collect$$$$0000000F                 0x080000fc   Section        0  entry11a.o(.ARM.Collect$$$$0000000F)
    .ARM.Collect$$$$00002712                 0x080000fc   Section        4  entry2.o(.ARM.Collect$$$$00002712)
    __lit__00000000                          0x080000fc   Data           4  entry2.o(.ARM.Collect$$$$00002712)
    .text                                    0x08000100   Section       36  startup_stm32f10x_md.o(.text)
    .text                                    0x08000124   Section        0  memcpya.o(.text)
    .text                                    0x08000148   Section        0  memseta.o(.text)
    .text                                    0x0800016c   Section        0  strcmp.o(.text)
    .text                                    0x08000188   Section        0  __0sscanf.o(.text)
    .text                                    0x080001c0   Section        0  _scanf_int.o(.text)
    .text                                    0x0800030c   Section        0  fadd.o(.text)
    .text                                    0x080003bc   Section        0  fmul.o(.text)
    .text                                    0x08000420   Section        0  fdiv.o(.text)
    .text                                    0x0800049c   Section        0  dadd.o(.text)
    .text                                    0x080005ea   Section        0  dmul.o(.text)
    .text                                    0x080006ce   Section        0  ddiv.o(.text)
    .text                                    0x080007ac   Section        0  fflti.o(.text)
    .text                                    0x080007be   Section        0  ffltui.o(.text)
    .text                                    0x080007c8   Section        0  dfltui.o(.text)
    .text                                    0x080007e2   Section        0  ffixi.o(.text)
    .text                                    0x08000814   Section        0  ffixui.o(.text)
    .text                                    0x0800083c   Section        0  dfixui.o(.text)
    .text                                    0x0800086e   Section        0  f2d.o(.text)
    .text                                    0x08000894   Section       48  cdrcmple.o(.text)
    .text                                    0x080008c4   Section        0  d2f.o(.text)
    .text                                    0x080008fc   Section       20  cfcmple.o(.text)
    .text                                    0x08000910   Section       20  cfrcmple.o(.text)
    .text                                    0x08000924   Section        0  uidiv.o(.text)
    .text                                    0x08000950   Section        0  uldiv.o(.text)
    .text                                    0x080009b2   Section        0  llshl.o(.text)
    .text                                    0x080009d0   Section        0  llushr.o(.text)
    .text                                    0x080009f0   Section        0  llsshr.o(.text)
    .text                                    0x08000a14   Section        0  _chval.o(.text)
    .text                                    0x08000a30   Section        0  scanf_char.o(.text)
    _scanf_char_input                        0x08000a31   Thumb Code    12  scanf_char.o(.text)
    .text                                    0x08000a58   Section        0  _sgetc.o(.text)
    .text                                    0x08000a98   Section        0  iusefp.o(.text)
    .text                                    0x08000a98   Section        0  fepilogue.o(.text)
    .text                                    0x08000b06   Section        0  depilogue.o(.text)
    .text                                    0x08000bc0   Section        0  dfixul.o(.text)
    .text                                    0x08000bf0   Section       36  init.o(.text)
    .text                                    0x08000c14   Section        0  isspace_c.o(.text)
    .text                                    0x08000c20   Section        0  _scanf.o(.text)
    .text                                    0x08000f4c   Section        0  ctype_c.o(.text)
    .text                                    0x08000f74   Section        0  __dczerorl2.o(.text)
    i.Beep_Init                              0x08000fcc   Section        0  beep.o(i.Beep_Init)
    i.Beep_Off                               0x08001004   Section        0  beep.o(i.Beep_Off)
    i.Beep_On                                0x08001018   Section        0  beep.o(i.Beep_On)
    i.BusFault_Handler                       0x0800102c   Section        0  stm32f10x_it.o(i.BusFault_Handler)
    i.DebugMon_Handler                       0x08001030   Section        0  stm32f10x_it.o(i.DebugMon_Handler)
    i.GPIO_Init                              0x08001032   Section        0  stm32f10x_gpio.o(i.GPIO_Init)
    i.GPIO_PinRemapConfig                    0x08001148   Section        0  stm32f10x_gpio.o(i.GPIO_PinRemapConfig)
    i.GPIO_ReadInputDataBit                  0x080011d8   Section        0  stm32f10x_gpio.o(i.GPIO_ReadInputDataBit)
    i.GPIO_ResetBits                         0x080011ea   Section        0  stm32f10x_gpio.o(i.GPIO_ResetBits)
    i.GPIO_SetBits                           0x080011ee   Section        0  stm32f10x_gpio.o(i.GPIO_SetBits)
    i.GPIO_WriteBit                          0x080011f2   Section        0  stm32f10x_gpio.o(i.GPIO_WriteBit)
    i.Gotoxy                                 0x080011fc   Section        0  main.o(i.Gotoxy)
    i.Gotoxy_green                           0x08001274   Section        0  main.o(i.Gotoxy_green)
    i.HardFault_Handler                      0x0800131c   Section        0  stm32f10x_it.o(i.HardFault_Handler)
    i.InitAll                                0x08001320   Section        0  init.o(i.InitAll)
    i.KEY_Init                               0x0800137c   Section        0  key.o(i.KEY_Init)
    i.KEY_Scan                               0x080013f4   Section        0  key.o(i.KEY_Scan)
    i.KeyCmd                                 0x08001618   Section        0  key.o(i.KeyCmd)
    i.LED_Init                               0x08001738   Section        0  led.o(i.LED_Init)
    i.Led1_Off                               0x080017b0   Section        0  led.o(i.Led1_Off)
    i.Led1_On                                0x080017c4   Section        0  led.o(i.Led1_On)
    i.MemManage_Handler                      0x080017d8   Section        0  stm32f10x_it.o(i.MemManage_Handler)
    i.NMI_Handler                            0x080017dc   Section        0  stm32f10x_it.o(i.NMI_Handler)
    i.NVIC_Config                            0x080017de   Section        0  nvic.o(i.NVIC_Config)
    i.NVIC_Configurationusart1               0x0800183e   Section        0  usart1.o(i.NVIC_Configurationusart1)
    i.NVIC_Configurationusart2               0x0800185c   Section        0  usart2.o(i.NVIC_Configurationusart2)
    i.NVIC_Init                              0x08001884   Section        0  misc.o(i.NVIC_Init)
    i.NVIC_PriorityGroupConfig               0x080018f4   Section        0  misc.o(i.NVIC_PriorityGroupConfig)
    i.OLED_Clear                             0x08001908   Section        0  oled.o(i.OLED_Clear)
    i.OLED_I2C_Init                          0x08001934   Section        0  oled.o(i.OLED_I2C_Init)
    i.OLED_I2C_SendByte                      0x080019a0   Section        0  oled.o(i.OLED_I2C_SendByte)
    i.OLED_I2C_Start                         0x080019f4   Section        0  oled.o(i.OLED_I2C_Start)
    i.OLED_I2C_Stop                          0x08001a28   Section        0  oled.o(i.OLED_I2C_Stop)
    i.OLED_Init                              0x08001a50   Section        0  oled.o(i.OLED_Init)
    i.OLED_Pow                               0x08001b1c   Section        0  oled.o(i.OLED_Pow)
    i.OLED_SetCursor                         0x08001b30   Section        0  oled.o(i.OLED_SetCursor)
    i.OLED_ShowChar                          0x08001b54   Section        0  oled.o(i.OLED_ShowChar)
    i.OLED_ShowNum                           0x08001bc8   Section        0  oled.o(i.OLED_ShowNum)
    i.OLED_ShowSignedNum                     0x08001c0c   Section        0  oled.o(i.OLED_ShowSignedNum)
    i.OLED_ShowString                        0x08001c72   Section        0  oled.o(i.OLED_ShowString)
    i.OLED_WriteCommand                      0x08001c9a   Section        0  oled.o(i.OLED_WriteCommand)
    i.OLED_WriteData                         0x08001cba   Section        0  oled.o(i.OLED_WriteData)
    i.PID_param_init                         0x08001cdc   Section        0  pid.o(i.PID_param_init)
    i.PendSV_Handler                         0x08001d5c   Section        0  stm32f10x_it.o(i.PendSV_Handler)
    i.Position_PID_1                         0x08001d60   Section        0  control.o(i.Position_PID_1)
    i.Position_PID_2                         0x08001e14   Section        0  control.o(i.Position_PID_2)
    i.RCC_APB1PeriphClockCmd                 0x08001ec8   Section        0  stm32f10x_rcc.o(i.RCC_APB1PeriphClockCmd)
    i.RCC_APB2PeriphClockCmd                 0x08001ee8   Section        0  stm32f10x_rcc.o(i.RCC_APB2PeriphClockCmd)
    i.RCC_GetClocksFreq                      0x08001f08   Section        0  stm32f10x_rcc.o(i.RCC_GetClocksFreq)
    i.SEGGER_RTT_SetTerminal                 0x08001fdc   Section        0  segger_rtt.o(i.SEGGER_RTT_SetTerminal)
    i.SVC_Handler                            0x0800207c   Section        0  stm32f10x_it.o(i.SVC_Handler)
    i.SetSysClock                            0x0800207e   Section        0  system_stm32f10x.o(i.SetSysClock)
    SetSysClock                              0x0800207f   Thumb Code     8  system_stm32f10x.o(i.SetSysClock)
    i.SetSysClockTo36                        0x08002088   Section        0  system_stm32f10x.o(i.SetSysClockTo36)
    SetSysClockTo36                          0x08002089   Thumb Code   210  system_stm32f10x.o(i.SetSysClockTo36)
    i.Set_Pwm                                0x08002164   Section        0  control.o(i.Set_Pwm)
    i.SysTick_CLKSourceConfig                0x080021b0   Section        0  misc.o(i.SysTick_CLKSourceConfig)
    i.SysTick_Handler                        0x080021d8   Section        0  stm32f10x_it.o(i.SysTick_Handler)
    i.SystemInit                             0x080021dc   Section        0  system_stm32f10x.o(i.SystemInit)
    i.TIM1_UP_IRQHandler                     0x0800223c   Section        0  timer_irqhandler.o(i.TIM1_UP_IRQHandler)
    i.TIM2_IRQHandler                        0x08002390   Section        0  timer_irqhandler.o(i.TIM2_IRQHandler)
    i.TIM2_Int_Init                          0x080023a8   Section        0  timer.o(i.TIM2_Int_Init)
    i.TIM3_IRQHandler                        0x08002404   Section        0  timer_irqhandler.o(i.TIM3_IRQHandler)
    i.TIM4_IRQHandler                        0x08002420   Section        0  timer_irqhandler.o(i.TIM4_IRQHandler)
    i.TIM4_PWM_Init                          0x0800243c   Section        0  timer.o(i.TIM4_PWM_Init)
    i.TIM_ARRPreloadConfig                   0x08002544   Section        0  stm32f10x_tim.o(i.TIM_ARRPreloadConfig)
    i.TIM_ClearITPendingBit                  0x0800255c   Section        0  stm32f10x_tim.o(i.TIM_ClearITPendingBit)
    i.TIM_Cmd                                0x08002562   Section        0  stm32f10x_tim.o(i.TIM_Cmd)
    i.TIM_GetITStatus                        0x0800257a   Section        0  stm32f10x_tim.o(i.TIM_GetITStatus)
    i.TIM_ITConfig                           0x0800259c   Section        0  stm32f10x_tim.o(i.TIM_ITConfig)
    i.TIM_OC1Init                            0x080025b0   Section        0  stm32f10x_tim.o(i.TIM_OC1Init)
    i.TIM_OC1PreloadConfig                   0x08002648   Section        0  stm32f10x_tim.o(i.TIM_OC1PreloadConfig)
    i.TIM_OC3Init                            0x0800265c   Section        0  stm32f10x_tim.o(i.TIM_OC3Init)
    i.TIM_OC3PreloadConfig                   0x080026fc   Section        0  stm32f10x_tim.o(i.TIM_OC3PreloadConfig)
    i.TIM_OC4Init                            0x08002710   Section        0  stm32f10x_tim.o(i.TIM_OC4Init)
    i.TIM_OC4PreloadConfig                   0x0800278c   Section        0  stm32f10x_tim.o(i.TIM_OC4PreloadConfig)
    i.TIM_SetCompare1                        0x080027a6   Section        0  stm32f10x_tim.o(i.TIM_SetCompare1)
    i.TIM_SetCompare2                        0x080027aa   Section        0  stm32f10x_tim.o(i.TIM_SetCompare2)
    i.TIM_SetCompare3                        0x080027ae   Section        0  stm32f10x_tim.o(i.TIM_SetCompare3)
    i.TIM_SetCompare4                        0x080027b2   Section        0  stm32f10x_tim.o(i.TIM_SetCompare4)
    i.TIM_TimeBaseInit                       0x080027b8   Section        0  stm32f10x_tim.o(i.TIM_TimeBaseInit)
    i.Timer1_Init                            0x0800285c   Section        0  timer.o(i.Timer1_Init)
    i.USART1_Config                          0x080028bc   Section        0  usart1.o(i.USART1_Config)
    i.USART1_IRQHandler                      0x08002948   Section        0  usart.o(i.USART1_IRQHandler)
    i.USART2_Config                          0x08002f38   Section        0  usart2.o(i.USART2_Config)
    i.USART2_IRQHandler                      0x08002fc4   Section        0  usart.o(i.USART2_IRQHandler)
    i.USART3_IRQHandler                      0x080031a4   Section        0  usart.o(i.USART3_IRQHandler)
    i.USART_Cmd                              0x080032a0   Section        0  stm32f10x_usart.o(i.USART_Cmd)
    i.USART_GetFlagStatus                    0x080032b8   Section        0  stm32f10x_usart.o(i.USART_GetFlagStatus)
    i.USART_GetITStatus                      0x080032d2   Section        0  stm32f10x_usart.o(i.USART_GetITStatus)
    i.USART_ITConfig                         0x08003326   Section        0  stm32f10x_usart.o(i.USART_ITConfig)
    i.USART_Init                             0x08003370   Section        0  stm32f10x_usart.o(i.USART_Init)
    i.USART_ReceiveData                      0x08003448   Section        0  stm32f10x_usart.o(i.USART_ReceiveData)
    i.USART_SendData                         0x08003452   Section        0  stm32f10x_usart.o(i.USART_SendData)
    i.UsageFault_Handler                     0x0800345a   Section        0  stm32f10x_it.o(i.UsageFault_Handler)
    i.Xianfu_Pwm                             0x08003460   Section        0  control.o(i.Xianfu_Pwm)
    i.Xianfu_Velocity                        0x080034e8   Section        0  control.o(i.Xianfu_Velocity)
    i._DoInit                                0x08003574   Section        0  segger_rtt.o(i._DoInit)
    _DoInit                                  0x08003575   Thumb Code    82  segger_rtt.o(i._DoInit)
    i._GetAvailWriteSpace                    0x080035e4   Section        0  segger_rtt.o(i._GetAvailWriteSpace)
    _GetAvailWriteSpace                      0x080035e5   Thumb Code    28  segger_rtt.o(i._GetAvailWriteSpace)
    i._WriteBlocking                         0x08003600   Section        0  segger_rtt.o(i._WriteBlocking)
    _WriteBlocking                           0x08003601   Thumb Code   118  segger_rtt.o(i._WriteBlocking)
    i._WriteNoCheck                          0x08003676   Section        0  segger_rtt.o(i._WriteNoCheck)
    _WriteNoCheck                            0x08003677   Thumb Code    88  segger_rtt.o(i._WriteNoCheck)
    i.__0printf                              0x080036d0   Section        0  printfa.o(i.__0printf)
    i.__scatterload_copy                     0x080036f0   Section       14  handlers.o(i.__scatterload_copy)
    i.__scatterload_null                     0x080036fe   Section        2  handlers.o(i.__scatterload_null)
    i.__scatterload_zeroinit                 0x08003700   Section       14  handlers.o(i.__scatterload_zeroinit)
    i._fp_digits                             0x08003710   Section        0  printfa.o(i._fp_digits)
    _fp_digits                               0x08003711   Thumb Code   366  printfa.o(i._fp_digits)
    i._printf_core                           0x08003894   Section        0  printfa.o(i._printf_core)
    _printf_core                             0x08003895   Thumb Code  1744  printfa.o(i._printf_core)
    i._printf_post_padding                   0x08003f70   Section        0  printfa.o(i._printf_post_padding)
    _printf_post_padding                     0x08003f71   Thumb Code    36  printfa.o(i._printf_post_padding)
    i._printf_pre_padding                    0x08003f94   Section        0  printfa.o(i._printf_pre_padding)
    _printf_pre_padding                      0x08003f95   Thumb Code    46  printfa.o(i._printf_pre_padding)
    i.delay_init                             0x08003fc4   Section        0  delay.o(i.delay_init)
    i.delay_ms                               0x08004008   Section        0  delay.o(i.delay_ms)
    i.display                                0x08004054   Section        0  main.o(i.display)
    i.display2                               0x08004110   Section        0  main.o(i.display2)
    i.display3                               0x08004250   Section        0  main.o(i.display3)
    i.display4                               0x08004390   Section        0  main.o(i.display4)
    i.fputc                                  0x08004738   Section        0  usart1.o(i.fputc)
    i.location_pid_realize                   0x0800475c   Section        0  pid.o(i.location_pid_realize)
    i.main                                   0x080047bc   Section        0  main.o(i.main)
    i.set_p_i_d                              0x080048c4   Section        0  pid.o(i.set_p_i_d)
    i.set_pid_target                         0x080048cc   Section        0  pid.o(i.set_pid_target)
    .constdata                               0x080048d0   Section     1520  oled.o(.constdata)
    .constdata                               0x08004ec0   Section       33  segger_rtt.o(.constdata)
    _aTerminalId                             0x08004ec0   Data          16  segger_rtt.o(.constdata)
    _aInitStr                                0x08004ed0   Data          17  segger_rtt.o(.constdata)
    .constdata                               0x08004ee1   Section       64  ctype_c.o(.constdata)
    .data                                    0x20000000   Section       20  system_stm32f10x.o(.data)
    .data                                    0x20000014   Section       20  stm32f10x_rcc.o(.data)
    APBAHBPrescTable                         0x20000014   Data          16  stm32f10x_rcc.o(.data)
    ADCPrescTable                            0x20000024   Data           4  stm32f10x_rcc.o(.data)
    .data                                    0x20000028   Section       16  main.o(.data)
    t_ms                                     0x20000030   Data           4  main.o(.data)
    t_ms                                     0x20000034   Data           4  main.o(.data)
    .data                                    0x20000038   Section       36  control.o(.data)
    Bias                                     0x2000003c   Data           4  control.o(.data)
    Pwm                                      0x20000040   Data           4  control.o(.data)
    Integral_bias                            0x20000044   Data           4  control.o(.data)
    Last_Bias                                0x20000048   Data           4  control.o(.data)
    Bias                                     0x2000004c   Data           4  control.o(.data)
    Pwm                                      0x20000050   Data           4  control.o(.data)
    Integral_bias                            0x20000054   Data           4  control.o(.data)
    Last_Bias                                0x20000058   Data           4  control.o(.data)
    .data                                    0x20000060   Section      488  externpara.o(.data)
    .data                                    0x20000248   Section      117  usart.o(.data)
    .data                                    0x200002be   Section       12  key.o(.data)
    key1_up                                  0x200002be   Data           1  key.o(.data)
    key2_up                                  0x200002bf   Data           1  key.o(.data)
    key3_up                                  0x200002c0   Data           1  key.o(.data)
    key4_up                                  0x200002c1   Data           1  key.o(.data)
    key1timecount                            0x200002c2   Data           2  key.o(.data)
    key2timecount                            0x200002c4   Data           2  key.o(.data)
    key3timecount                            0x200002c6   Data           2  key.o(.data)
    key4timecount                            0x200002c8   Data           2  key.o(.data)
    .data                                    0x200002ca   Section        4  delay.o(.data)
    fac_us                                   0x200002ca   Data           1  delay.o(.data)
    fac_ms                                   0x200002cc   Data           2  delay.o(.data)
    .data                                    0x200002ce   Section        1  segger_rtt.o(.data)
    _ActiveTerminal                          0x200002ce   Data           1  segger_rtt.o(.data)
    .data                                    0x200002d0   Section        4  stdout.o(.data)
    .bss                                     0x200002d4   Section       96  externpara.o(.bss)
    .bss                                     0x20000334   Section      224  pid.o(.bss)
    .bss                                     0x20000414   Section      128  usart1.o(.bss)
    .bss                                     0x20000494   Section      200  usart2.o(.bss)
    .bss                                     0x2000055c   Section      200  usart3.o(.bss)
    .bss                                     0x20000624   Section     2232  segger_rtt.o(.bss)
    _acUpBuffer                              0x200006cc   Data        2048  segger_rtt.o(.bss)
    _acDownBuffer                            0x20000ecc   Data          16  segger_rtt.o(.bss)
    STACK                                    0x20000ee0   Section     1024  startup_stm32f10x_md.o(STACK)

    Global Symbols

    Symbol Name                              Value     Ov Type        Size  Object(Section)

    BuildAttributes$$THM_ISAv4$P$D$K$B$S$PE$A:L22UL41UL21$X:L11$S22US41US21$IEEE1$IW$USESV6$~STKCKD$USESV7$~SHL$OTIME$ROPI$IEEEX$EBA8$MICROLIB$REQ8$PRES8$EABIv2 0x00000000   Number         0  anon$$obj.o ABSOLUTE
    __ARM_use_no_argv                        0x00000000   Number         0  main.o ABSOLUTE
    _printf_a                                0x00000000   Number         0  stubs.o ABSOLUTE
    _printf_c                                0x00000000   Number         0  stubs.o ABSOLUTE
    _printf_charcount                        0x00000000   Number         0  stubs.o ABSOLUTE
    _printf_d                                0x00000000   Number         0  stubs.o ABSOLUTE
    _printf_e                                0x00000000   Number         0  stubs.o ABSOLUTE
    _printf_f                                0x00000000   Number         0  stubs.o ABSOLUTE
    _printf_flags                            0x00000000   Number         0  stubs.o ABSOLUTE
    _printf_fp_dec                           0x00000000   Number         0  stubs.o ABSOLUTE
    _printf_fp_hex                           0x00000000   Number         0  stubs.o ABSOLUTE
    _printf_g                                0x00000000   Number         0  stubs.o ABSOLUTE
    _printf_i                                0x00000000   Number         0  stubs.o ABSOLUTE
    _printf_int_dec                          0x00000000   Number         0  stubs.o ABSOLUTE
    _printf_l                                0x00000000   Number         0  stubs.o ABSOLUTE
    _printf_lc                               0x00000000   Number         0  stubs.o ABSOLUTE
    _printf_ll                               0x00000000   Number         0  stubs.o ABSOLUTE
    _printf_lld                              0x00000000   Number         0  stubs.o ABSOLUTE
    _printf_lli                              0x00000000   Number         0  stubs.o ABSOLUTE
    _printf_llo                              0x00000000   Number         0  stubs.o ABSOLUTE
    _printf_llu                              0x00000000   Number         0  stubs.o ABSOLUTE
    _printf_llx                              0x00000000   Number         0  stubs.o ABSOLUTE
    _printf_longlong_dec                     0x00000000   Number         0  stubs.o ABSOLUTE
    _printf_longlong_hex                     0x00000000   Number         0  stubs.o ABSOLUTE
    _printf_longlong_oct                     0x00000000   Number         0  stubs.o ABSOLUTE
    _printf_ls                               0x00000000   Number         0  stubs.o ABSOLUTE
    _printf_mbtowc                           0x00000000   Number         0  stubs.o ABSOLUTE
    _printf_n                                0x00000000   Number         0  stubs.o ABSOLUTE
    _printf_o                                0x00000000   Number         0  stubs.o ABSOLUTE
    _printf_p                                0x00000000   Number         0  stubs.o ABSOLUTE
    _printf_percent                          0x00000000   Number         0  stubs.o ABSOLUTE
    _printf_pre_padding                      0x00000000   Number         0  stubs.o ABSOLUTE
    _printf_return_value                     0x00000000   Number         0  stubs.o ABSOLUTE
    _printf_s                                0x00000000   Number         0  stubs.o ABSOLUTE
    _printf_sizespec                         0x00000000   Number         0  stubs.o ABSOLUTE
    _printf_str                              0x00000000   Number         0  stubs.o ABSOLUTE
    _printf_truncate_signed                  0x00000000   Number         0  stubs.o ABSOLUTE
    _printf_truncate_unsigned                0x00000000   Number         0  stubs.o ABSOLUTE
    _printf_u                                0x00000000   Number         0  stubs.o ABSOLUTE
    _printf_wc                               0x00000000   Number         0  stubs.o ABSOLUTE
    _printf_wctomb                           0x00000000   Number         0  stubs.o ABSOLUTE
    _printf_widthprec                        0x00000000   Number         0  stubs.o ABSOLUTE
    _printf_x                                0x00000000   Number         0  stubs.o ABSOLUTE
    __cpp_initialize__aeabi_                  - Undefined Weak Reference
    __cxa_finalize                            - Undefined Weak Reference
    _clock_init                               - Undefined Weak Reference
    _microlib_exit                            - Undefined Weak Reference
    _scanf_longlong                           - Undefined Weak Reference
    _scanf_real                               - Undefined Weak Reference
    _scanf_string                             - Undefined Weak Reference
    __Vectors_Size                           0x000000ec   Number         0  startup_stm32f10x_md.o ABSOLUTE
    __Vectors                                0x08000000   Data           4  startup_stm32f10x_md.o(RESET)
    __Vectors_End                            0x080000ec   Data           0  startup_stm32f10x_md.o(RESET)
    __main                                   0x080000ed   Thumb Code     0  entry.o(.ARM.Collect$$$$00000000)
    _main_stk                                0x080000ed   Thumb Code     0  entry2.o(.ARM.Collect$$$$00000001)
    _main_scatterload                        0x080000f1   Thumb Code     0  entry5.o(.ARM.Collect$$$$00000004)
    __main_after_scatterload                 0x080000f5   Thumb Code     0  entry5.o(.ARM.Collect$$$$00000004)
    _main_clock                              0x080000f5   Thumb Code     0  entry7b.o(.ARM.Collect$$$$00000008)
    _main_cpp_init                           0x080000f5   Thumb Code     0  entry8b.o(.ARM.Collect$$$$0000000A)
    _main_init                               0x080000f5   Thumb Code     0  entry9a.o(.ARM.Collect$$$$0000000B)
    __rt_final_cpp                           0x080000fd   Thumb Code     0  entry10a.o(.ARM.Collect$$$$0000000D)
    __rt_final_exit                          0x080000fd   Thumb Code     0  entry11a.o(.ARM.Collect$$$$0000000F)
    Reset_Handler                            0x08000101   Thumb Code     8  startup_stm32f10x_md.o(.text)
    ADC1_2_IRQHandler                        0x0800011b   Thumb Code     0  startup_stm32f10x_md.o(.text)
    CAN1_RX1_IRQHandler                      0x0800011b   Thumb Code     0  startup_stm32f10x_md.o(.text)
    CAN1_SCE_IRQHandler                      0x0800011b   Thumb Code     0  startup_stm32f10x_md.o(.text)
    DMA1_Channel1_IRQHandler                 0x0800011b   Thumb Code     0  startup_stm32f10x_md.o(.text)
    DMA1_Channel2_IRQHandler                 0x0800011b   Thumb Code     0  startup_stm32f10x_md.o(.text)
    DMA1_Channel3_IRQHandler                 0x0800011b   Thumb Code     0  startup_stm32f10x_md.o(.text)
    DMA1_Channel4_IRQHandler                 0x0800011b   Thumb Code     0  startup_stm32f10x_md.o(.text)
    DMA1_Channel5_IRQHandler                 0x0800011b   Thumb Code     0  startup_stm32f10x_md.o(.text)
    DMA1_Channel6_IRQHandler                 0x0800011b   Thumb Code     0  startup_stm32f10x_md.o(.text)
    DMA1_Channel7_IRQHandler                 0x0800011b   Thumb Code     0  startup_stm32f10x_md.o(.text)
    EXTI0_IRQHandler                         0x0800011b   Thumb Code     0  startup_stm32f10x_md.o(.text)
    EXTI15_10_IRQHandler                     0x0800011b   Thumb Code     0  startup_stm32f10x_md.o(.text)
    EXTI1_IRQHandler                         0x0800011b   Thumb Code     0  startup_stm32f10x_md.o(.text)
    EXTI2_IRQHandler                         0x0800011b   Thumb Code     0  startup_stm32f10x_md.o(.text)
    EXTI3_IRQHandler                         0x0800011b   Thumb Code     0  startup_stm32f10x_md.o(.text)
    EXTI4_IRQHandler                         0x0800011b   Thumb Code     0  startup_stm32f10x_md.o(.text)
    EXTI9_5_IRQHandler                       0x0800011b   Thumb Code     0  startup_stm32f10x_md.o(.text)
    FLASH_IRQHandler                         0x0800011b   Thumb Code     0  startup_stm32f10x_md.o(.text)
    I2C1_ER_IRQHandler                       0x0800011b   Thumb Code     0  startup_stm32f10x_md.o(.text)
    I2C1_EV_IRQHandler                       0x0800011b   Thumb Code     0  startup_stm32f10x_md.o(.text)
    I2C2_ER_IRQHandler                       0x0800011b   Thumb Code     0  startup_stm32f10x_md.o(.text)
    I2C2_EV_IRQHandler                       0x0800011b   Thumb Code     0  startup_stm32f10x_md.o(.text)
    PVD_IRQHandler                           0x0800011b   Thumb Code     0  startup_stm32f10x_md.o(.text)
    RCC_IRQHandler                           0x0800011b   Thumb Code     0  startup_stm32f10x_md.o(.text)
    RTCAlarm_IRQHandler                      0x0800011b   Thumb Code     0  startup_stm32f10x_md.o(.text)
    RTC_IRQHandler                           0x0800011b   Thumb Code     0  startup_stm32f10x_md.o(.text)
    SPI1_IRQHandler                          0x0800011b   Thumb Code     0  startup_stm32f10x_md.o(.text)
    SPI2_IRQHandler                          0x0800011b   Thumb Code     0  startup_stm32f10x_md.o(.text)
    TAMPER_IRQHandler                        0x0800011b   Thumb Code     0  startup_stm32f10x_md.o(.text)
    TIM1_BRK_IRQHandler                      0x0800011b   Thumb Code     0  startup_stm32f10x_md.o(.text)
    TIM1_CC_IRQHandler                       0x0800011b   Thumb Code     0  startup_stm32f10x_md.o(.text)
    TIM1_TRG_COM_IRQHandler                  0x0800011b   Thumb Code     0  startup_stm32f10x_md.o(.text)
    USBWakeUp_IRQHandler                     0x0800011b   Thumb Code     0  startup_stm32f10x_md.o(.text)
    USB_HP_CAN1_TX_IRQHandler                0x0800011b   Thumb Code     0  startup_stm32f10x_md.o(.text)
    USB_LP_CAN1_RX0_IRQHandler               0x0800011b   Thumb Code     0  startup_stm32f10x_md.o(.text)
    WWDG_IRQHandler                          0x0800011b   Thumb Code     0  startup_stm32f10x_md.o(.text)
    __aeabi_memcpy                           0x08000125   Thumb Code    36  memcpya.o(.text)
    __aeabi_memcpy4                          0x08000125   Thumb Code     0  memcpya.o(.text)
    __aeabi_memcpy8                          0x08000125   Thumb Code     0  memcpya.o(.text)
    __aeabi_memset                           0x08000149   Thumb Code    14  memseta.o(.text)
    __aeabi_memset4                          0x08000149   Thumb Code     0  memseta.o(.text)
    __aeabi_memset8                          0x08000149   Thumb Code     0  memseta.o(.text)
    __aeabi_memclr                           0x08000157   Thumb Code     4  memseta.o(.text)
    __aeabi_memclr4                          0x08000157   Thumb Code     0  memseta.o(.text)
    __aeabi_memclr8                          0x08000157   Thumb Code     0  memseta.o(.text)
    _memset$wrapper                          0x0800015b   Thumb Code    18  memseta.o(.text)
    strcmp                                   0x0800016d   Thumb Code    28  strcmp.o(.text)
    __0sscanf                                0x08000189   Thumb Code    48  __0sscanf.o(.text)
    _scanf_int                               0x080001c1   Thumb Code   332  _scanf_int.o(.text)
    __aeabi_fadd                             0x0800030d   Thumb Code   164  fadd.o(.text)
    __aeabi_fsub                             0x080003b1   Thumb Code     6  fadd.o(.text)
    __aeabi_frsub                            0x080003b7   Thumb Code     6  fadd.o(.text)
    __aeabi_fmul                             0x080003bd   Thumb Code   100  fmul.o(.text)
    __aeabi_fdiv                             0x08000421   Thumb Code   124  fdiv.o(.text)
    __aeabi_dadd                             0x0800049d   Thumb Code   322  dadd.o(.text)
    __aeabi_dsub                             0x080005df   Thumb Code     6  dadd.o(.text)
    __aeabi_drsub                            0x080005e5   Thumb Code     6  dadd.o(.text)
    __aeabi_dmul                             0x080005eb   Thumb Code   228  dmul.o(.text)
    __aeabi_ddiv                             0x080006cf   Thumb Code   222  ddiv.o(.text)
    __aeabi_i2f                              0x080007ad   Thumb Code    18  fflti.o(.text)
    __aeabi_ui2f                             0x080007bf   Thumb Code    10  ffltui.o(.text)
    __aeabi_ui2d                             0x080007c9   Thumb Code    26  dfltui.o(.text)
    __aeabi_f2iz                             0x080007e3   Thumb Code    50  ffixi.o(.text)
    __aeabi_f2uiz                            0x08000815   Thumb Code    40  ffixui.o(.text)
    __aeabi_d2uiz                            0x0800083d   Thumb Code    50  dfixui.o(.text)
    __aeabi_f2d                              0x0800086f   Thumb Code    38  f2d.o(.text)
    __aeabi_cdrcmple                         0x08000895   Thumb Code    48  cdrcmple.o(.text)
    __aeabi_d2f                              0x080008c5   Thumb Code    56  d2f.o(.text)
    __aeabi_cfcmpeq                          0x080008fd   Thumb Code     0  cfcmple.o(.text)
    __aeabi_cfcmple                          0x080008fd   Thumb Code    20  cfcmple.o(.text)
    __aeabi_cfrcmple                         0x08000911   Thumb Code    20  cfrcmple.o(.text)
    __aeabi_uidiv                            0x08000925   Thumb Code     0  uidiv.o(.text)
    __aeabi_uidivmod                         0x08000925   Thumb Code    44  uidiv.o(.text)
    __aeabi_uldivmod                         0x08000951   Thumb Code    98  uldiv.o(.text)
    __aeabi_llsl                             0x080009b3   Thumb Code    30  llshl.o(.text)
    _ll_shift_l                              0x080009b3   Thumb Code     0  llshl.o(.text)
    __aeabi_llsr                             0x080009d1   Thumb Code    32  llushr.o(.text)
    _ll_ushift_r                             0x080009d1   Thumb Code     0  llushr.o(.text)
    __aeabi_lasr                             0x080009f1   Thumb Code    36  llsshr.o(.text)
    _ll_sshift_r                             0x080009f1   Thumb Code     0  llsshr.o(.text)
    _chval                                   0x08000a15   Thumb Code    28  _chval.o(.text)
    __vfscanf_char                           0x08000a3d   Thumb Code    20  scanf_char.o(.text)
    _sgetc                                   0x08000a59   Thumb Code    30  _sgetc.o(.text)
    _sbackspace                              0x08000a77   Thumb Code    34  _sgetc.o(.text)
    __I$use$fp                               0x08000a99   Thumb Code     0  iusefp.o(.text)
    _float_round                             0x08000a99   Thumb Code    18  fepilogue.o(.text)
    _float_epilogue                          0x08000aab   Thumb Code    92  fepilogue.o(.text)
    _double_round                            0x08000b07   Thumb Code    30  depilogue.o(.text)
    _double_epilogue                         0x08000b25   Thumb Code   156  depilogue.o(.text)
    __aeabi_d2ulz                            0x08000bc1   Thumb Code    48  dfixul.o(.text)
    __scatterload                            0x08000bf1   Thumb Code    28  init.o(.text)
    __scatterload_rt2                        0x08000bf1   Thumb Code     0  init.o(.text)
    isspace                                  0x08000c15   Thumb Code    10  isspace_c.o(.text)
    __vfscanf                                0x08000c21   Thumb Code   808  _scanf.o(.text)
    __ctype_lookup                           0x08000f4d   Thumb Code    34  ctype_c.o(.text)
    __decompress                             0x08000f75   Thumb Code     0  __dczerorl2.o(.text)
    __decompress1                            0x08000f75   Thumb Code    86  __dczerorl2.o(.text)
    Beep_Init                                0x08000fcd   Thumb Code    50  beep.o(i.Beep_Init)
    Beep_Off                                 0x08001005   Thumb Code    14  beep.o(i.Beep_Off)
    Beep_On                                  0x08001019   Thumb Code    14  beep.o(i.Beep_On)
    BusFault_Handler                         0x0800102d   Thumb Code     4  stm32f10x_it.o(i.BusFault_Handler)
    DebugMon_Handler                         0x08001031   Thumb Code     2  stm32f10x_it.o(i.DebugMon_Handler)
    GPIO_Init                                0x08001033   Thumb Code   278  stm32f10x_gpio.o(i.GPIO_Init)
    GPIO_PinRemapConfig                      0x08001149   Thumb Code   138  stm32f10x_gpio.o(i.GPIO_PinRemapConfig)
    GPIO_ReadInputDataBit                    0x080011d9   Thumb Code    18  stm32f10x_gpio.o(i.GPIO_ReadInputDataBit)
    GPIO_ResetBits                           0x080011eb   Thumb Code     4  stm32f10x_gpio.o(i.GPIO_ResetBits)
    GPIO_SetBits                             0x080011ef   Thumb Code     4  stm32f10x_gpio.o(i.GPIO_SetBits)
    GPIO_WriteBit                            0x080011f3   Thumb Code    10  stm32f10x_gpio.o(i.GPIO_WriteBit)
    Gotoxy                                   0x080011fd   Thumb Code   100  main.o(i.Gotoxy)
    Gotoxy_green                             0x08001275   Thumb Code   140  main.o(i.Gotoxy_green)
    HardFault_Handler                        0x0800131d   Thumb Code     4  stm32f10x_it.o(i.HardFault_Handler)
    InitAll                                  0x08001321   Thumb Code    82  init.o(i.InitAll)
    KEY_Init                                 0x0800137d   Thumb Code   106  key.o(i.KEY_Init)
    KEY_Scan                                 0x080013f5   Thumb Code   504  key.o(i.KEY_Scan)
    KeyCmd                                   0x08001619   Thumb Code   232  key.o(i.KeyCmd)
    LED_Init                                 0x08001739   Thumb Code   104  led.o(i.LED_Init)
    Led1_Off                                 0x080017b1   Thumb Code    14  led.o(i.Led1_Off)
    Led1_On                                  0x080017c5   Thumb Code    14  led.o(i.Led1_On)
    MemManage_Handler                        0x080017d9   Thumb Code     4  stm32f10x_it.o(i.MemManage_Handler)
    NMI_Handler                              0x080017dd   Thumb Code     2  stm32f10x_it.o(i.NMI_Handler)
    NVIC_Config                              0x080017df   Thumb Code    96  nvic.o(i.NVIC_Config)
    NVIC_Configurationusart1                 0x0800183f   Thumb Code    30  usart1.o(i.NVIC_Configurationusart1)
    NVIC_Configurationusart2                 0x0800185d   Thumb Code    38  usart2.o(i.NVIC_Configurationusart2)
    NVIC_Init                                0x08001885   Thumb Code   100  misc.o(i.NVIC_Init)
    NVIC_PriorityGroupConfig                 0x080018f5   Thumb Code    10  misc.o(i.NVIC_PriorityGroupConfig)
    OLED_Clear                               0x08001909   Thumb Code    42  oled.o(i.OLED_Clear)
    OLED_I2C_Init                            0x08001935   Thumb Code   104  oled.o(i.OLED_I2C_Init)
    OLED_I2C_SendByte                        0x080019a1   Thumb Code    80  oled.o(i.OLED_I2C_SendByte)
    OLED_I2C_Start                           0x080019f5   Thumb Code    48  oled.o(i.OLED_I2C_Start)
    OLED_I2C_Stop                            0x08001a29   Thumb Code    36  oled.o(i.OLED_I2C_Stop)
    OLED_Init                                0x08001a51   Thumb Code   200  oled.o(i.OLED_Init)
    OLED_Pow                                 0x08001b1d   Thumb Code    20  oled.o(i.OLED_Pow)
    OLED_SetCursor                           0x08001b31   Thumb Code    34  oled.o(i.OLED_SetCursor)
    OLED_ShowChar                            0x08001b55   Thumb Code   110  oled.o(i.OLED_ShowChar)
    OLED_ShowNum                             0x08001bc9   Thumb Code    68  oled.o(i.OLED_ShowNum)
    OLED_ShowSignedNum                       0x08001c0d   Thumb Code   102  oled.o(i.OLED_ShowSignedNum)
    OLED_ShowString                          0x08001c73   Thumb Code    40  oled.o(i.OLED_ShowString)
    OLED_WriteCommand                        0x08001c9b   Thumb Code    32  oled.o(i.OLED_WriteCommand)
    OLED_WriteData                           0x08001cbb   Thumb Code    32  oled.o(i.OLED_WriteData)
    PID_param_init                           0x08001cdd   Thumb Code   104  pid.o(i.PID_param_init)
    PendSV_Handler                           0x08001d5d   Thumb Code     2  stm32f10x_it.o(i.PendSV_Handler)
    Position_PID_1                           0x08001d61   Thumb Code   148  control.o(i.Position_PID_1)
    Position_PID_2                           0x08001e15   Thumb Code   148  control.o(i.Position_PID_2)
    RCC_APB1PeriphClockCmd                   0x08001ec9   Thumb Code    26  stm32f10x_rcc.o(i.RCC_APB1PeriphClockCmd)
    RCC_APB2PeriphClockCmd                   0x08001ee9   Thumb Code    26  stm32f10x_rcc.o(i.RCC_APB2PeriphClockCmd)
    RCC_GetClocksFreq                        0x08001f09   Thumb Code   192  stm32f10x_rcc.o(i.RCC_GetClocksFreq)
    SEGGER_RTT_SetTerminal                   0x08001fdd   Thumb Code   148  segger_rtt.o(i.SEGGER_RTT_SetTerminal)
    SVC_Handler                              0x0800207d   Thumb Code     2  stm32f10x_it.o(i.SVC_Handler)
    Set_Pwm                                  0x08002165   Thumb Code    62  control.o(i.Set_Pwm)
    SysTick_CLKSourceConfig                  0x080021b1   Thumb Code    40  misc.o(i.SysTick_CLKSourceConfig)
    SysTick_Handler                          0x080021d9   Thumb Code     2  stm32f10x_it.o(i.SysTick_Handler)
    SystemInit                               0x080021dd   Thumb Code    78  system_stm32f10x.o(i.SystemInit)
    TIM1_UP_IRQHandler                       0x0800223d   Thumb Code   260  timer_irqhandler.o(i.TIM1_UP_IRQHandler)
    TIM2_IRQHandler                          0x08002391   Thumb Code    24  timer_irqhandler.o(i.TIM2_IRQHandler)
    TIM2_Int_Init                            0x080023a9   Thumb Code    90  timer.o(i.TIM2_Int_Init)
    TIM3_IRQHandler                          0x08002405   Thumb Code    22  timer_irqhandler.o(i.TIM3_IRQHandler)
    TIM4_IRQHandler                          0x08002421   Thumb Code    22  timer_irqhandler.o(i.TIM4_IRQHandler)
    TIM4_PWM_Init                            0x0800243d   Thumb Code   254  timer.o(i.TIM4_PWM_Init)
    TIM_ARRPreloadConfig                     0x08002545   Thumb Code    24  stm32f10x_tim.o(i.TIM_ARRPreloadConfig)
    TIM_ClearITPendingBit                    0x0800255d   Thumb Code     6  stm32f10x_tim.o(i.TIM_ClearITPendingBit)
    TIM_Cmd                                  0x08002563   Thumb Code    24  stm32f10x_tim.o(i.TIM_Cmd)
    TIM_GetITStatus                          0x0800257b   Thumb Code    34  stm32f10x_tim.o(i.TIM_GetITStatus)
    TIM_ITConfig                             0x0800259d   Thumb Code    18  stm32f10x_tim.o(i.TIM_ITConfig)
    TIM_OC1Init                              0x080025b1   Thumb Code   132  stm32f10x_tim.o(i.TIM_OC1Init)
    TIM_OC1PreloadConfig                     0x08002649   Thumb Code    18  stm32f10x_tim.o(i.TIM_OC1PreloadConfig)
    TIM_OC3Init                              0x0800265d   Thumb Code   150  stm32f10x_tim.o(i.TIM_OC3Init)
    TIM_OC3PreloadConfig                     0x080026fd   Thumb Code    18  stm32f10x_tim.o(i.TIM_OC3PreloadConfig)
    TIM_OC4Init                              0x08002711   Thumb Code   114  stm32f10x_tim.o(i.TIM_OC4Init)
    TIM_OC4PreloadConfig                     0x0800278d   Thumb Code    26  stm32f10x_tim.o(i.TIM_OC4PreloadConfig)
    TIM_SetCompare1                          0x080027a7   Thumb Code     4  stm32f10x_tim.o(i.TIM_SetCompare1)
    TIM_SetCompare2                          0x080027ab   Thumb Code     4  stm32f10x_tim.o(i.TIM_SetCompare2)
    TIM_SetCompare3                          0x080027af   Thumb Code     4  stm32f10x_tim.o(i.TIM_SetCompare3)
    TIM_SetCompare4                          0x080027b3   Thumb Code     6  stm32f10x_tim.o(i.TIM_SetCompare4)
    TIM_TimeBaseInit                         0x080027b9   Thumb Code   122  stm32f10x_tim.o(i.TIM_TimeBaseInit)
    Timer1_Init                              0x0800285d   Thumb Code    92  timer.o(i.Timer1_Init)
    USART1_Config                            0x080028bd   Thumb Code   130  usart1.o(i.USART1_Config)
    USART1_IRQHandler                        0x08002949   Thumb Code  1464  usart.o(i.USART1_IRQHandler)
    USART2_Config                            0x08002f39   Thumb Code   132  usart2.o(i.USART2_Config)
    USART2_IRQHandler                        0x08002fc5   Thumb Code   378  usart.o(i.USART2_IRQHandler)
    USART3_IRQHandler                        0x080031a5   Thumb Code   196  usart.o(i.USART3_IRQHandler)
    USART_Cmd                                0x080032a1   Thumb Code    24  stm32f10x_usart.o(i.USART_Cmd)
    USART_GetFlagStatus                      0x080032b9   Thumb Code    26  stm32f10x_usart.o(i.USART_GetFlagStatus)
    USART_GetITStatus                        0x080032d3   Thumb Code    84  stm32f10x_usart.o(i.USART_GetITStatus)
    USART_ITConfig                           0x08003327   Thumb Code    74  stm32f10x_usart.o(i.USART_ITConfig)
    USART_Init                               0x08003371   Thumb Code   210  stm32f10x_usart.o(i.USART_Init)
    USART_ReceiveData                        0x08003449   Thumb Code    10  stm32f10x_usart.o(i.USART_ReceiveData)
    USART_SendData                           0x08003453   Thumb Code     8  stm32f10x_usart.o(i.USART_SendData)
    UsageFault_Handler                       0x0800345b   Thumb Code     4  stm32f10x_it.o(i.UsageFault_Handler)
    Xianfu_Pwm                               0x08003461   Thumb Code   128  control.o(i.Xianfu_Pwm)
    Xianfu_Velocity                          0x080034e9   Thumb Code   134  control.o(i.Xianfu_Velocity)
    __0printf                                0x080036d1   Thumb Code    22  printfa.o(i.__0printf)
    __1printf                                0x080036d1   Thumb Code     0  printfa.o(i.__0printf)
    __2printf                                0x080036d1   Thumb Code     0  printfa.o(i.__0printf)
    __c89printf                              0x080036d1   Thumb Code     0  printfa.o(i.__0printf)
    printf                                   0x080036d1   Thumb Code     0  printfa.o(i.__0printf)
    __scatterload_copy                       0x080036f1   Thumb Code    14  handlers.o(i.__scatterload_copy)
    __scatterload_null                       0x080036ff   Thumb Code     2  handlers.o(i.__scatterload_null)
    __scatterload_zeroinit                   0x08003701   Thumb Code    14  handlers.o(i.__scatterload_zeroinit)
    delay_init                               0x08003fc5   Thumb Code    50  delay.o(i.delay_init)
    delay_ms                                 0x08004009   Thumb Code    72  delay.o(i.delay_ms)
    display                                  0x08004055   Thumb Code   148  main.o(i.display)
    display2                                 0x08004111   Thumb Code   264  main.o(i.display2)
    display3                                 0x08004251   Thumb Code   260  main.o(i.display3)
    display4                                 0x08004391   Thumb Code   892  main.o(i.display4)
    fputc                                    0x08004739   Thumb Code    32  usart1.o(i.fputc)
    location_pid_realize                     0x0800475d   Thumb Code    94  pid.o(i.location_pid_realize)
    main                                     0x080047bd   Thumb Code   180  main.o(i.main)
    set_p_i_d                                0x080048c5   Thumb Code     8  pid.o(i.set_p_i_d)
    set_pid_target                           0x080048cd   Thumb Code     4  pid.o(i.set_pid_target)
    OLED_F8x16                               0x080048d0   Data        1520  oled.o(.constdata)
    __ctype_categories                       0x08004ee1   Data          64  ctype_c.o(.constdata)
    Region$$Table$$Base                      0x08004f24   Number         0  anon$$obj.o(Region$$Table)
    Region$$Table$$Limit                     0x08004f44   Number         0  anon$$obj.o(Region$$Table)
    SystemCoreClock                          0x20000000   Data           4  system_stm32f10x.o(.data)
    AHBPrescTable                            0x20000004   Data          16  system_stm32f10x.o(.data)
    i                                        0x20000028   Data           4  main.o(.data)
    j                                        0x2000002c   Data           4  main.o(.data)
    WheelOneCircleDis                        0x20000038   Data           4  control.o(.data)
    num                                      0x20000060   Data           4  externpara.o(.data)
    MotorL_PWM                               0x20000064   Data           4  externpara.o(.data)
    MotorR_PWM                               0x20000068   Data           4  externpara.o(.data)
    mode                                     0x2000006c   Data           4  externpara.o(.data)
    leftcount                                0x20000070   Data           4  externpara.o(.data)
    rightcount                               0x20000074   Data           4  externpara.o(.data)
    cursor_x                                 0x20000078   Data           4  externpara.o(.data)
    cursor_y                                 0x2000007c   Data           4  externpara.o(.data)
    LocationTarget                           0x20000080   Data           4  externpara.o(.data)
    LocationReal                             0x20000084   Data           4  externpara.o(.data)
    Position_KP                              0x20000088   Data           4  externpara.o(.data)
    Position_KI                              0x2000008c   Data           4  externpara.o(.data)
    Position_KD                              0x20000090   Data           4  externpara.o(.data)
    Position1                                0x20000094   Data           4  externpara.o(.data)
    Position2                                0x20000098   Data           4  externpara.o(.data)
    Target1                                  0x2000009c   Data           4  externpara.o(.data)
    Target2                                  0x200000a0   Data           4  externpara.o(.data)
    Velocity1                                0x200000a4   Data           4  externpara.o(.data)
    Velocity2                                0x200000a8   Data           4  externpara.o(.data)
    LocationTarget_left                      0x200000ac   Data           4  externpara.o(.data)
    LocationTarget_right                     0x200000b0   Data           4  externpara.o(.data)
    SpeedTarget_left                         0x200000b4   Data           4  externpara.o(.data)
    SpeedTarget_right                        0x200000b8   Data           4  externpara.o(.data)
    circle                                   0x200000bc   Data           4  externpara.o(.data)
    Encode_Left                              0x200000c0   Data           4  externpara.o(.data)
    Encode_Right                             0x200000c4   Data           4  externpara.o(.data)
    Encode_Left_ALL                          0x200000c8   Data           4  externpara.o(.data)
    Encode_Right_ALL                         0x200000cc   Data           4  externpara.o(.data)
    Encode_Speed                             0x200000d0   Data           4  externpara.o(.data)
    Encode_Spin_Speed                        0x200000d4   Data           4  externpara.o(.data)
    x_coordinate                             0x200000d8   Data           8  externpara.o(.data)
    y_coordinate                             0x200000e0   Data           8  externpara.o(.data)
    delay_50                                 0x200000e8   Data           4  externpara.o(.data)
    delay_flag                               0x200000ec   Data           4  externpara.o(.data)
    Bi_zhang                                 0x200000f0   Data           4  externpara.o(.data)
    PID_Send                                 0x200000f4   Data           4  externpara.o(.data)
    Flash_Send                               0x200000f8   Data           4  externpara.o(.data)
    angel_vertical                           0x20000100   Data           8  externpara.o(.data)
    angel_level                              0x20000108   Data           8  externpara.o(.data)
    Flag1                                    0x20000110   Data           1  externpara.o(.data)
    Flag2                                    0x20000111   Data           1  externpara.o(.data)
    Flag3                                    0x20000112   Data           1  externpara.o(.data)
    Flag4                                    0x20000113   Data           1  externpara.o(.data)
    Flag5                                    0x20000114   Data           1  externpara.o(.data)
    Flag6                                    0x20000115   Data           1  externpara.o(.data)
    Flag_youxia                              0x20000116   Data           1  externpara.o(.data)
    Flag_zuoshang                            0x20000117   Data           1  externpara.o(.data)
    Flag_youshang                            0x20000118   Data           1  externpara.o(.data)
    Flag_zuoxia                              0x20000119   Data           1  externpara.o(.data)
    angle_level                              0x20000120   Data           8  externpara.o(.data)
    angle_vertical                           0x20000128   Data           8  externpara.o(.data)
    Speed                                    0x20000130   Data           4  externpara.o(.data)
    time1count                               0x20000134   Data           4  externpara.o(.data)
    time2count                               0x20000138   Data           4  externpara.o(.data)
    time_t2                                  0x2000013c   Data           4  externpara.o(.data)
    PwmUpx                                   0x20000140   Data           4  externpara.o(.data)
    PwmUpy                                   0x20000144   Data           4  externpara.o(.data)
    RedCx                                    0x20000148   Data           4  externpara.o(.data)
    RedCy                                    0x2000014c   Data           4  externpara.o(.data)
    OpenmvRedCx                              0x20000150   Data           4  externpara.o(.data)
    OpenmvRedCy                              0x20000154   Data           4  externpara.o(.data)
    OpenmvGreenCx                            0x20000158   Data           4  externpara.o(.data)
    OpenmvGreenCy                            0x2000015c   Data           4  externpara.o(.data)
    TargetCxHope                             0x20000160   Data           4  externpara.o(.data)
    TargetCyHope                             0x20000164   Data           4  externpara.o(.data)
    result_x                                 0x20000168   Data           4  externpara.o(.data)
    result_y                                 0x2000016c   Data           4  externpara.o(.data)
    ZeroX                                    0x20000170   Data           4  externpara.o(.data)
    ZeroY                                    0x20000174   Data           4  externpara.o(.data)
    LocX1                                    0x20000178   Data           8  externpara.o(.data)
    LocY1                                    0x20000180   Data           8  externpara.o(.data)
    LocX2                                    0x20000188   Data           8  externpara.o(.data)
    LocY2                                    0x20000190   Data           8  externpara.o(.data)
    LocX3                                    0x20000198   Data           8  externpara.o(.data)
    LocY3                                    0x200001a0   Data           8  externpara.o(.data)
    LocX4                                    0x200001a8   Data           8  externpara.o(.data)
    LocY4                                    0x200001b0   Data           8  externpara.o(.data)
    PX1                                      0x200001b8   Data           8  externpara.o(.data)
    PY1                                      0x200001c0   Data           8  externpara.o(.data)
    PX2                                      0x200001c8   Data           8  externpara.o(.data)
    PY2                                      0x200001d0   Data           8  externpara.o(.data)
    PX3                                      0x200001d8   Data           8  externpara.o(.data)
    PY3                                      0x200001e0   Data           8  externpara.o(.data)
    PX4                                      0x200001e8   Data           8  externpara.o(.data)
    PY4                                      0x200001f0   Data           8  externpara.o(.data)
    PX5                                      0x200001f8   Data           8  externpara.o(.data)
    PY5                                      0x20000200   Data           8  externpara.o(.data)
    Dx                                       0x20000208   Data           8  externpara.o(.data)
    Dy                                       0x20000210   Data           8  externpara.o(.data)
    Cx                                       0x20000218   Data           8  externpara.o(.data)
    Cy                                       0x20000220   Data           8  externpara.o(.data)
    Bx                                       0x20000228   Data           8  externpara.o(.data)
    By                                       0x20000230   Data           8  externpara.o(.data)
    Ax                                       0x20000238   Data           8  externpara.o(.data)
    Ay                                       0x20000240   Data           8  externpara.o(.data)
    uart_byte_count1                         0x20000248   Data           1  usart.o(.data)
    n1                                       0x2000024c   Data           4  usart.o(.data)
    n2                                       0x20000250   Data           4  usart.o(.data)
    uart2_byte_count                         0x20000254   Data           1  usart.o(.data)
    x1                                       0x20000258   Data           4  usart.o(.data)
    y1                                       0x2000025c   Data           4  usart.o(.data)
    x2                                       0x20000260   Data           4  usart.o(.data)
    y2                                       0x20000264   Data           4  usart.o(.data)
    x3                                       0x20000268   Data           4  usart.o(.data)
    y3                                       0x2000026c   Data           4  usart.o(.data)
    x4                                       0x20000270   Data           4  usart.o(.data)
    y4                                       0x20000274   Data           4  usart.o(.data)
    x5                                       0x20000278   Data           4  usart.o(.data)
    y5                                       0x2000027c   Data           4  usart.o(.data)
    x6                                       0x20000280   Data           4  usart.o(.data)
    y6                                       0x20000284   Data           4  usart.o(.data)
    x7                                       0x20000288   Data           4  usart.o(.data)
    y7                                       0x2000028c   Data           4  usart.o(.data)
    x8                                       0x20000290   Data           4  usart.o(.data)
    y8                                       0x20000294   Data           4  usart.o(.data)
    x9                                       0x20000298   Data           4  usart.o(.data)
    y9                                       0x2000029c   Data           4  usart.o(.data)
    x10                                      0x200002a0   Data           4  usart.o(.data)
    y10                                      0x200002a4   Data           4  usart.o(.data)
    x11                                      0x200002a8   Data           4  usart.o(.data)
    y11                                      0x200002ac   Data           4  usart.o(.data)
    x12                                      0x200002b0   Data           4  usart.o(.data)
    y12                                      0x200002b4   Data           4  usart.o(.data)
    n3                                       0x200002b8   Data           4  usart.o(.data)
    uart_byte_count                          0x200002bc   Data           1  usart.o(.data)
    __stdout                                 0x200002d0   Data           4  stdout.o(.data)
    Pos                                      0x200002d4   Data          96  externpara.o(.bss)
    pid_speed_left                           0x20000334   Data          32  pid.o(.bss)
    pid_speed_right                          0x20000354   Data          32  pid.o(.bss)
    pid_location_x                           0x20000374   Data          32  pid.o(.bss)
    pid_location_y                           0x20000394   Data          32  pid.o(.bss)
    pid_location_x2                          0x200003b4   Data          32  pid.o(.bss)
    pid_location_y2                          0x200003d4   Data          32  pid.o(.bss)
    pid_location                             0x200003f4   Data          32  pid.o(.bss)
    Uart_Rx                                  0x20000414   Data         128  usart1.o(.bss)
    Uart2_Rx                                 0x20000494   Data         200  usart2.o(.bss)
    Uart3_Rx                                 0x2000055c   Data         200  usart3.o(.bss)
    _SEGGER_RTT                              0x20000624   Data         168  segger_rtt.o(.bss)
    __initial_sp                             0x200012e0   Data           0  startup_stm32f10x_md.o(STACK)



==============================================================================

Memory Map of the image

  Image Entry point : 0x080000ed

  Load Region LR_IROM1 (Base: 0x08000000, Size: 0x00005218, Max: 0x00010000, ABSOLUTE, COMPRESSED[0x00004fd8])

    Execution Region ER_IROM1 (Exec base: 0x08000000, Load base: 0x08000000, Size: 0x00004f44, Max: 0x00010000, ABSOLUTE)

    Exec Addr    Load Addr    Size         Type   Attr      Idx    E Section Name        Object

    0x08000000   0x08000000   0x000000ec   Data   RO            3    RESET               startup_stm32f10x_md.o
    0x080000ec   0x080000ec   0x00000000   Code   RO         5099  * .ARM.Collect$$$$00000000  mc_w.l(entry.o)
    0x080000ec   0x080000ec   0x00000004   Code   RO         5446    .ARM.Collect$$$$00000001  mc_w.l(entry2.o)
    0x080000f0   0x080000f0   0x00000004   Code   RO         5449    .ARM.Collect$$$$00000004  mc_w.l(entry5.o)
    0x080000f4   0x080000f4   0x00000000   Code   RO         5451    .ARM.Collect$$$$00000008  mc_w.l(entry7b.o)
    0x080000f4   0x080000f4   0x00000000   Code   RO         5453    .ARM.Collect$$$$0000000A  mc_w.l(entry8b.o)
    0x080000f4   0x080000f4   0x00000008   Code   RO         5454    .ARM.Collect$$$$0000000B  mc_w.l(entry9a.o)
    0x080000fc   0x080000fc   0x00000000   Code   RO         5456    .ARM.Collect$$$$0000000D  mc_w.l(entry10a.o)
    0x080000fc   0x080000fc   0x00000000   Code   RO         5458    .ARM.Collect$$$$0000000F  mc_w.l(entry11a.o)
    0x080000fc   0x080000fc   0x00000004   Code   RO         5447    .ARM.Collect$$$$00002712  mc_w.l(entry2.o)
    0x08000100   0x08000100   0x00000024   Code   RO            4    .text               startup_stm32f10x_md.o
    0x08000124   0x08000124   0x00000024   Code   RO         5104    .text               mc_w.l(memcpya.o)
    0x08000148   0x08000148   0x00000024   Code   RO         5106    .text               mc_w.l(memseta.o)
    0x0800016c   0x0800016c   0x0000001c   Code   RO         5110    .text               mc_w.l(strcmp.o)
    0x08000188   0x08000188   0x00000038   Code   RO         5377    .text               mc_w.l(__0sscanf.o)
    0x080001c0   0x080001c0   0x0000014c   Code   RO         5379    .text               mc_w.l(_scanf_int.o)
    0x0800030c   0x0800030c   0x000000b0   Code   RO         5381    .text               mf_w.l(fadd.o)
    0x080003bc   0x080003bc   0x00000064   Code   RO         5383    .text               mf_w.l(fmul.o)
    0x08000420   0x08000420   0x0000007c   Code   RO         5385    .text               mf_w.l(fdiv.o)
    0x0800049c   0x0800049c   0x0000014e   Code   RO         5387    .text               mf_w.l(dadd.o)
    0x080005ea   0x080005ea   0x000000e4   Code   RO         5389    .text               mf_w.l(dmul.o)
    0x080006ce   0x080006ce   0x000000de   Code   RO         5391    .text               mf_w.l(ddiv.o)
    0x080007ac   0x080007ac   0x00000012   Code   RO         5393    .text               mf_w.l(fflti.o)
    0x080007be   0x080007be   0x0000000a   Code   RO         5395    .text               mf_w.l(ffltui.o)
    0x080007c8   0x080007c8   0x0000001a   Code   RO         5399    .text               mf_w.l(dfltui.o)
    0x080007e2   0x080007e2   0x00000032   Code   RO         5401    .text               mf_w.l(ffixi.o)
    0x08000814   0x08000814   0x00000028   Code   RO         5403    .text               mf_w.l(ffixui.o)
    0x0800083c   0x0800083c   0x00000032   Code   RO         5405    .text               mf_w.l(dfixui.o)
    0x0800086e   0x0800086e   0x00000026   Code   RO         5407    .text               mf_w.l(f2d.o)
    0x08000894   0x08000894   0x00000030   Code   RO         5411    .text               mf_w.l(cdrcmple.o)
    0x080008c4   0x080008c4   0x00000038   Code   RO         5413    .text               mf_w.l(d2f.o)
    0x080008fc   0x080008fc   0x00000014   Code   RO         5415    .text               mf_w.l(cfcmple.o)
    0x08000910   0x08000910   0x00000014   Code   RO         5417    .text               mf_w.l(cfrcmple.o)
    0x08000924   0x08000924   0x0000002c   Code   RO         5461    .text               mc_w.l(uidiv.o)
    0x08000950   0x08000950   0x00000062   Code   RO         5463    .text               mc_w.l(uldiv.o)
    0x080009b2   0x080009b2   0x0000001e   Code   RO         5465    .text               mc_w.l(llshl.o)
    0x080009d0   0x080009d0   0x00000020   Code   RO         5467    .text               mc_w.l(llushr.o)
    0x080009f0   0x080009f0   0x00000024   Code   RO         5469    .text               mc_w.l(llsshr.o)
    0x08000a14   0x08000a14   0x0000001c   Code   RO         5478    .text               mc_w.l(_chval.o)
    0x08000a30   0x08000a30   0x00000028   Code   RO         5480    .text               mc_w.l(scanf_char.o)
    0x08000a58   0x08000a58   0x00000040   Code   RO         5482    .text               mc_w.l(_sgetc.o)
    0x08000a98   0x08000a98   0x00000000   Code   RO         5484    .text               mc_w.l(iusefp.o)
    0x08000a98   0x08000a98   0x0000006e   Code   RO         5485    .text               mf_w.l(fepilogue.o)
    0x08000b06   0x08000b06   0x000000ba   Code   RO         5487    .text               mf_w.l(depilogue.o)
    0x08000bc0   0x08000bc0   0x00000030   Code   RO         5491    .text               mf_w.l(dfixul.o)
    0x08000bf0   0x08000bf0   0x00000024   Code   RO         5493    .text               mc_w.l(init.o)
    0x08000c14   0x08000c14   0x0000000a   Code   RO         5495    .text               mc_w.l(isspace_c.o)
    0x08000c1e   0x08000c1e   0x00000002   PAD
    0x08000c20   0x08000c20   0x0000032c   Code   RO         5497    .text               mc_w.l(_scanf.o)
    0x08000f4c   0x08000f4c   0x00000028   Code   RO         5501    .text               mc_w.l(ctype_c.o)
    0x08000f74   0x08000f74   0x00000056   Code   RO         5512    .text               mc_w.l(__dczerorl2.o)
    0x08000fca   0x08000fca   0x00000002   PAD
    0x08000fcc   0x08000fcc   0x00000038   Code   RO         3613    i.Beep_Init         beep.o
    0x08001004   0x08001004   0x00000014   Code   RO         3614    i.Beep_Off          beep.o
    0x08001018   0x08001018   0x00000014   Code   RO         3615    i.Beep_On           beep.o
    0x0800102c   0x0800102c   0x00000004   Code   RO         3219    i.BusFault_Handler  stm32f10x_it.o
    0x08001030   0x08001030   0x00000002   Code   RO         3220    i.DebugMon_Handler  stm32f10x_it.o
    0x08001032   0x08001032   0x00000116   Code   RO         1262    i.GPIO_Init         stm32f10x_gpio.o
    0x08001148   0x08001148   0x00000090   Code   RO         1264    i.GPIO_PinRemapConfig  stm32f10x_gpio.o
    0x080011d8   0x080011d8   0x00000012   Code   RO         1266    i.GPIO_ReadInputDataBit  stm32f10x_gpio.o
    0x080011ea   0x080011ea   0x00000004   Code   RO         1269    i.GPIO_ResetBits    stm32f10x_gpio.o
    0x080011ee   0x080011ee   0x00000004   Code   RO         1270    i.GPIO_SetBits      stm32f10x_gpio.o
    0x080011f2   0x080011f2   0x0000000a   Code   RO         1273    i.GPIO_WriteBit     stm32f10x_gpio.o
    0x080011fc   0x080011fc   0x00000078   Code   RO         3072    i.Gotoxy            main.o
    0x08001274   0x08001274   0x000000a8   Code   RO         3073    i.Gotoxy_green      main.o
    0x0800131c   0x0800131c   0x00000004   Code   RO         3221    i.HardFault_Handler  stm32f10x_it.o
    0x08001320   0x08001320   0x0000005c   Code   RO         3726    i.InitAll           init.o
    0x0800137c   0x0800137c   0x00000078   Code   RO         3588    i.KEY_Init          key.o
    0x080013f4   0x080013f4   0x00000224   Code   RO         3589    i.KEY_Scan          key.o
    0x08001618   0x08001618   0x00000120   Code   RO         3590    i.KeyCmd            key.o
    0x08001738   0x08001738   0x00000078   Code   RO         3525    i.LED_Init          led.o
    0x080017b0   0x080017b0   0x00000014   Code   RO         3528    i.Led1_Off          led.o
    0x080017c4   0x080017c4   0x00000014   Code   RO         3529    i.Led1_On           led.o
    0x080017d8   0x080017d8   0x00000004   Code   RO         3222    i.MemManage_Handler  stm32f10x_it.o
    0x080017dc   0x080017dc   0x00000002   Code   RO         3223    i.NMI_Handler       stm32f10x_it.o
    0x080017de   0x080017de   0x00000060   Code   RO         3513    i.NVIC_Config       nvic.o
    0x0800183e   0x0800183e   0x0000001e   Code   RO         4166    i.NVIC_Configurationusart1  usart1.o
    0x0800185c   0x0800185c   0x00000026   Code   RO         4214    i.NVIC_Configurationusart2  usart2.o
    0x08001882   0x08001882   0x00000002   PAD
    0x08001884   0x08001884   0x00000070   Code   RO          137    i.NVIC_Init         misc.o
    0x080018f4   0x080018f4   0x00000014   Code   RO          138    i.NVIC_PriorityGroupConfig  misc.o
    0x08001908   0x08001908   0x0000002a   Code   RO         3788    i.OLED_Clear        oled.o
    0x08001932   0x08001932   0x00000002   PAD
    0x08001934   0x08001934   0x0000006c   Code   RO         3789    i.OLED_I2C_Init     oled.o
    0x080019a0   0x080019a0   0x00000054   Code   RO         3790    i.OLED_I2C_SendByte  oled.o
    0x080019f4   0x080019f4   0x00000034   Code   RO         3791    i.OLED_I2C_Start    oled.o
    0x08001a28   0x08001a28   0x00000028   Code   RO         3792    i.OLED_I2C_Stop     oled.o
    0x08001a50   0x08001a50   0x000000cc   Code   RO         3793    i.OLED_Init         oled.o
    0x08001b1c   0x08001b1c   0x00000014   Code   RO         3794    i.OLED_Pow          oled.o
    0x08001b30   0x08001b30   0x00000022   Code   RO         3795    i.OLED_SetCursor    oled.o
    0x08001b52   0x08001b52   0x00000002   PAD
    0x08001b54   0x08001b54   0x00000074   Code   RO         3797    i.OLED_ShowChar     oled.o
    0x08001bc8   0x08001bc8   0x00000044   Code   RO         3799    i.OLED_ShowNum      oled.o
    0x08001c0c   0x08001c0c   0x00000066   Code   RO         3800    i.OLED_ShowSignedNum  oled.o
    0x08001c72   0x08001c72   0x00000028   Code   RO         3801    i.OLED_ShowString   oled.o
    0x08001c9a   0x08001c9a   0x00000020   Code   RO         3803    i.OLED_WriteCommand  oled.o
    0x08001cba   0x08001cba   0x00000020   Code   RO         3804    i.OLED_WriteData    oled.o
    0x08001cda   0x08001cda   0x00000002   PAD
    0x08001cdc   0x08001cdc   0x00000080   Code   RO         3398    i.PID_param_init    pid.o
    0x08001d5c   0x08001d5c   0x00000002   Code   RO         3224    i.PendSV_Handler    stm32f10x_it.o
    0x08001d5e   0x08001d5e   0x00000002   PAD
    0x08001d60   0x08001d60   0x000000b4   Code   RO         3282    i.Position_PID_1    control.o
    0x08001e14   0x08001e14   0x000000b4   Code   RO         3283    i.Position_PID_2    control.o
    0x08001ec8   0x08001ec8   0x00000020   Code   RO         1672    i.RCC_APB1PeriphClockCmd  stm32f10x_rcc.o
    0x08001ee8   0x08001ee8   0x00000020   Code   RO         1674    i.RCC_APB2PeriphClockCmd  stm32f10x_rcc.o
    0x08001f08   0x08001f08   0x000000d4   Code   RO         1682    i.RCC_GetClocksFreq  stm32f10x_rcc.o
    0x08001fdc   0x08001fdc   0x000000a0   Code   RO         4822    i.SEGGER_RTT_SetTerminal  segger_rtt.o
    0x0800207c   0x0800207c   0x00000002   Code   RO         3225    i.SVC_Handler       stm32f10x_it.o
    0x0800207e   0x0800207e   0x00000008   Code   RO           24    i.SetSysClock       system_stm32f10x.o
    0x08002086   0x08002086   0x00000002   PAD
    0x08002088   0x08002088   0x000000dc   Code   RO           25    i.SetSysClockTo36   system_stm32f10x.o
    0x08002164   0x08002164   0x0000004c   Code   RO         3284    i.Set_Pwm           control.o
    0x080021b0   0x080021b0   0x00000028   Code   RO          141    i.SysTick_CLKSourceConfig  misc.o
    0x080021d8   0x080021d8   0x00000002   Code   RO         3226    i.SysTick_Handler   stm32f10x_it.o
    0x080021da   0x080021da   0x00000002   PAD
    0x080021dc   0x080021dc   0x00000060   Code   RO           27    i.SystemInit        system_stm32f10x.o
    0x0800223c   0x0800223c   0x00000154   Code   RO         3446    i.TIM1_UP_IRQHandler  timer_irqhandler.o
    0x08002390   0x08002390   0x00000018   Code   RO         3447    i.TIM2_IRQHandler   timer_irqhandler.o
    0x080023a8   0x080023a8   0x0000005a   Code   RO         3642    i.TIM2_Int_Init     timer.o
    0x08002402   0x08002402   0x00000002   PAD
    0x08002404   0x08002404   0x0000001c   Code   RO         3448    i.TIM3_IRQHandler   timer_irqhandler.o
    0x08002420   0x08002420   0x0000001c   Code   RO         3449    i.TIM4_IRQHandler   timer_irqhandler.o
    0x0800243c   0x0800243c   0x00000108   Code   RO         3643    i.TIM4_PWM_Init     timer.o
    0x08002544   0x08002544   0x00000018   Code   RO         2294    i.TIM_ARRPreloadConfig  stm32f10x_tim.o
    0x0800255c   0x0800255c   0x00000006   Code   RO         2301    i.TIM_ClearITPendingBit  stm32f10x_tim.o
    0x08002562   0x08002562   0x00000018   Code   RO         2306    i.TIM_Cmd           stm32f10x_tim.o
    0x0800257a   0x0800257a   0x00000022   Code   RO         2327    i.TIM_GetITStatus   stm32f10x_tim.o
    0x0800259c   0x0800259c   0x00000012   Code   RO         2331    i.TIM_ITConfig      stm32f10x_tim.o
    0x080025ae   0x080025ae   0x00000002   PAD
    0x080025b0   0x080025b0   0x00000098   Code   RO         2335    i.TIM_OC1Init       stm32f10x_tim.o
    0x08002648   0x08002648   0x00000012   Code   RO         2338    i.TIM_OC1PreloadConfig  stm32f10x_tim.o
    0x0800265a   0x0800265a   0x00000002   PAD
    0x0800265c   0x0800265c   0x000000a0   Code   RO         2345    i.TIM_OC3Init       stm32f10x_tim.o
    0x080026fc   0x080026fc   0x00000012   Code   RO         2348    i.TIM_OC3PreloadConfig  stm32f10x_tim.o
    0x0800270e   0x0800270e   0x00000002   PAD
    0x08002710   0x08002710   0x0000007c   Code   RO         2350    i.TIM_OC4Init       stm32f10x_tim.o
    0x0800278c   0x0800278c   0x0000001a   Code   RO         2352    i.TIM_OC4PreloadConfig  stm32f10x_tim.o
    0x080027a6   0x080027a6   0x00000004   Code   RO         2367    i.TIM_SetCompare1   stm32f10x_tim.o
    0x080027aa   0x080027aa   0x00000004   Code   RO         2368    i.TIM_SetCompare2   stm32f10x_tim.o
    0x080027ae   0x080027ae   0x00000004   Code   RO         2369    i.TIM_SetCompare3   stm32f10x_tim.o
    0x080027b2   0x080027b2   0x00000006   Code   RO         2370    i.TIM_SetCompare4   stm32f10x_tim.o
    0x080027b8   0x080027b8   0x000000a4   Code   RO         2377    i.TIM_TimeBaseInit  stm32f10x_tim.o
    0x0800285c   0x0800285c   0x00000060   Code   RO         3644    i.Timer1_Init       timer.o
    0x080028bc   0x080028bc   0x0000008c   Code   RO         4168    i.USART1_Config     usart1.o
    0x08002948   0x08002948   0x000005f0   Code   RO         3362    i.USART1_IRQHandler  usart.o
    0x08002f38   0x08002f38   0x0000008c   Code   RO         4217    i.USART2_Config     usart2.o
    0x08002fc4   0x08002fc4   0x000001e0   Code   RO         3363    i.USART2_IRQHandler  usart.o
    0x080031a4   0x080031a4   0x000000fc   Code   RO         3364    i.USART3_IRQHandler  usart.o
    0x080032a0   0x080032a0   0x00000018   Code   RO         2842    i.USART_Cmd         stm32f10x_usart.o
    0x080032b8   0x080032b8   0x0000001a   Code   RO         2845    i.USART_GetFlagStatus  stm32f10x_usart.o
    0x080032d2   0x080032d2   0x00000054   Code   RO         2846    i.USART_GetITStatus  stm32f10x_usart.o
    0x08003326   0x08003326   0x0000004a   Code   RO         2848    i.USART_ITConfig    stm32f10x_usart.o
    0x08003370   0x08003370   0x000000d8   Code   RO         2849    i.USART_Init        stm32f10x_usart.o
    0x08003448   0x08003448   0x0000000a   Code   RO         2856    i.USART_ReceiveData  stm32f10x_usart.o
    0x08003452   0x08003452   0x00000008   Code   RO         2859    i.USART_SendData    stm32f10x_usart.o
    0x0800345a   0x0800345a   0x00000004   Code   RO         3227    i.UsageFault_Handler  stm32f10x_it.o
    0x0800345e   0x0800345e   0x00000002   PAD
    0x08003460   0x08003460   0x00000088   Code   RO         3287    i.Xianfu_Pwm        control.o
    0x080034e8   0x080034e8   0x0000008c   Code   RO         3288    i.Xianfu_Velocity   control.o
    0x08003574   0x08003574   0x00000070   Code   RO         4832    i._DoInit           segger_rtt.o
    0x080035e4   0x080035e4   0x0000001c   Code   RO         4833    i._GetAvailWriteSpace  segger_rtt.o
    0x08003600   0x08003600   0x00000076   Code   RO         4835    i._WriteBlocking    segger_rtt.o
    0x08003676   0x08003676   0x00000058   Code   RO         4836    i._WriteNoCheck     segger_rtt.o
    0x080036ce   0x080036ce   0x00000002   PAD
    0x080036d0   0x080036d0   0x00000020   Code   RO         5349    i.__0printf         mc_w.l(printfa.o)
    0x080036f0   0x080036f0   0x0000000e   Code   RO         5506    i.__scatterload_copy  mc_w.l(handlers.o)
    0x080036fe   0x080036fe   0x00000002   Code   RO         5507    i.__scatterload_null  mc_w.l(handlers.o)
    0x08003700   0x08003700   0x0000000e   Code   RO         5508    i.__scatterload_zeroinit  mc_w.l(handlers.o)
    0x0800370e   0x0800370e   0x00000002   PAD
    0x08003710   0x08003710   0x00000184   Code   RO         5356    i._fp_digits        mc_w.l(printfa.o)
    0x08003894   0x08003894   0x000006dc   Code   RO         5357    i._printf_core      mc_w.l(printfa.o)
    0x08003f70   0x08003f70   0x00000024   Code   RO         5358    i._printf_post_padding  mc_w.l(printfa.o)
    0x08003f94   0x08003f94   0x0000002e   Code   RO         5359    i._printf_pre_padding  mc_w.l(printfa.o)
    0x08003fc2   0x08003fc2   0x00000002   PAD
    0x08003fc4   0x08003fc4   0x00000044   Code   RO         3694    i.delay_init        delay.o
    0x08004008   0x08004008   0x0000004c   Code   RO         3695    i.delay_ms          delay.o
    0x08004054   0x08004054   0x000000bc   Code   RO         3074    i.display           main.o
    0x08004110   0x08004110   0x00000140   Code   RO         3075    i.display2          main.o
    0x08004250   0x08004250   0x00000140   Code   RO         3076    i.display3          main.o
    0x08004390   0x08004390   0x000003a8   Code   RO         3077    i.display4          main.o
    0x08004738   0x08004738   0x00000024   Code   RO         4171    i.fputc             usart1.o
    0x0800475c   0x0800475c   0x0000005e   Code   RO         3400    i.location_pid_realize  pid.o
    0x080047ba   0x080047ba   0x00000002   PAD
    0x080047bc   0x080047bc   0x00000108   Code   RO         3078    i.main              main.o
    0x080048c4   0x080048c4   0x00000008   Code   RO         3401    i.set_p_i_d         pid.o
    0x080048cc   0x080048cc   0x00000004   Code   RO         3402    i.set_pid_target    pid.o
    0x080048d0   0x080048d0   0x000005f0   Data   RO         3805    .constdata          oled.o
    0x08004ec0   0x08004ec0   0x00000021   Data   RO         4838    .constdata          segger_rtt.o
    0x08004ee1   0x08004ee1   0x00000040   Data   RO         5502    .constdata          mc_w.l(ctype_c.o)
    0x08004f21   0x08004f21   0x00000003   PAD
    0x08004f24   0x08004f24   0x00000020   Data   RO         5504    Region$$Table       anon$$obj.o


    Execution Region RW_IRAM1 (Exec base: 0x20000000, Load base: 0x08004f44, Size: 0x000012e0, Max: 0x00005000, ABSOLUTE, COMPRESSED[0x00000094])

    Exec Addr    Load Addr    Size         Type   Attr      Idx    E Section Name        Object

    0x20000000   COMPRESSED   0x00000014   Data   RW           28    .data               system_stm32f10x.o
    0x20000014   COMPRESSED   0x00000014   Data   RW         1702    .data               stm32f10x_rcc.o
    0x20000028   COMPRESSED   0x00000010   Data   RW         3079    .data               main.o
    0x20000038   COMPRESSED   0x00000024   Data   RW         3290    .data               control.o
    0x2000005c   COMPRESSED   0x00000004   PAD
    0x20000060   COMPRESSED   0x000001e8   Data   RW         3340    .data               externpara.o
    0x20000248   COMPRESSED   0x00000075   Data   RW         3366    .data               usart.o
    0x200002bd   COMPRESSED   0x00000001   PAD
    0x200002be   COMPRESSED   0x0000000c   Data   RW         3591    .data               key.o
    0x200002ca   COMPRESSED   0x00000004   Data   RW         3698    .data               delay.o
    0x200002ce   COMPRESSED   0x00000001   Data   RW         4839    .data               segger_rtt.o
    0x200002cf   COMPRESSED   0x00000001   PAD
    0x200002d0   COMPRESSED   0x00000004   Data   RW         5460    .data               mc_w.l(stdout.o)
    0x200002d4        -       0x00000060   Zero   RW         3339    .bss                externpara.o
    0x20000334        -       0x000000e0   Zero   RW         3404    .bss                pid.o
    0x20000414        -       0x00000080   Zero   RW         4172    .bss                usart1.o
    0x20000494        -       0x000000c8   Zero   RW         4220    .bss                usart2.o
    0x2000055c        -       0x000000c8   Zero   RW         4269    .bss                usart3.o
    0x20000624        -       0x000008b8   Zero   RW         4837    .bss                segger_rtt.o
    0x20000edc   COMPRESSED   0x00000004   PAD
    0x20000ee0        -       0x00000400   Zero   RW            1    STACK               startup_stm32f10x_md.o


==============================================================================

Image component sizes


      Code (inc. data)   RO Data    RW Data    ZI Data      Debug   Object Name

        96         18          0          0          0       1613   beep.o
       712         92          0         36          0       4067   control.o
         0          0          0          0          0       4516   core_cm3.o
       144         22          0          4          0       1444   delay.o
         0          0          0        488         96       3963   externpara.o
        92         10          0          0          0        578   init.o
       956        114          0         12          0       2451   key.o
       160         28          0          0          0       1620   led.o
      2316        348          0         16          0       6900   main.o
       172         22          0          0          0       2329   misc.o
        96          0          0          0          0        622   nvic.o
       974         26       1520          0          0       9946   oled.o
       234         24          0          0        224       4137   pid.o
       506         42         33          1       2232       9079   segger_rtt.o
        36          8        236          0       1024        872   startup_stm32f10x_md.o
       458          6          0          0          0       5554   stm32f10x_gpio.o
        26          0          0          0          0       4718   stm32f10x_it.o
       276         32          0         20          0       4770   stm32f10x_rcc.o
       786         82          0          0          0      11340   stm32f10x_tim.o
       442          6          0          0          0       6725   stm32f10x_usart.o
       324         28          0         20          0     248881   system_stm32f10x.o
       450         14          0          0          0       2366   timer.o
       420         92          0          0          0       2395   timer_irqhandler.o
      2252        506          0        117          0       3995   usart.o
       206         14          0          0        128       2709   usart1.o
       178          8          0          0        200       2066   usart2.o
         0          0          0          0        200        759   usart3.o

    ----------------------------------------------------------------------
     12340       1542       1821        720       4108     350415   Object Totals
         0          0         32          0          0          0   (incl. Generated)
        28          0          0          6          4          0   (incl. Padding)

    ----------------------------------------------------------------------

      Code (inc. data)   RO Data    RW Data    ZI Data      Debug   Library Member Name

        56          8          0          0          0         84   __0sscanf.o
        86          0          0          0          0          0   __dczerorl2.o
        28          0          0          0          0         68   _chval.o
       812          4          0          0          0        112   _scanf.o
       332          0          0          0          0         96   _scanf_int.o
        64          0          0          0          0         84   _sgetc.o
        40          6         64          0          0         68   ctype_c.o
         0          0          0          0          0          0   entry.o
         0          0          0          0          0          0   entry10a.o
         0          0          0          0          0          0   entry11a.o
         8          4          0          0          0          0   entry2.o
         4          0          0          0          0          0   entry5.o
         0          0          0          0          0          0   entry7b.o
         0          0          0          0          0          0   entry8b.o
         8          4          0          0          0          0   entry9a.o
        30          0          0          0          0          0   handlers.o
        36          8          0          0          0         68   init.o
        10          0          0          0          0         68   isspace_c.o
         0          0          0          0          0          0   iusefp.o
        30          0          0          0          0         68   llshl.o
        36          0          0          0          0         68   llsshr.o
        32          0          0          0          0         68   llushr.o
        36          0          0          0          0         68   memcpya.o
        36          0          0          0          0        108   memseta.o
      2258         90          0          0          0        452   printfa.o
        40          8          0          0          0         84   scanf_char.o
         0          0          0          4          0          0   stdout.o
        28          0          0          0          0         76   strcmp.o
        44          0          0          0          0         80   uidiv.o
        98          0          0          0          0         92   uldiv.o
        48          0          0          0          0         68   cdrcmple.o
        20          0          0          0          0         68   cfcmple.o
        20          0          0          0          0         68   cfrcmple.o
        56          0          0          0          0         88   d2f.o
       334          0          0          0          0        148   dadd.o
       222          0          0          0          0        100   ddiv.o
       186          0          0          0          0        176   depilogue.o
        50          0          0          0          0         76   dfixui.o
        48          0          0          0          0         68   dfixul.o
        26          0          0          0          0         76   dfltui.o
       228          0          0          0          0         96   dmul.o
        38          0          0          0          0         68   f2d.o
       176          0          0          0          0        140   fadd.o
       124          0          0          0          0         88   fdiv.o
       110          0          0          0          0        168   fepilogue.o
        50          0          0          0          0         68   ffixi.o
        40          0          0          0          0         68   ffixui.o
        18          0          0          0          0         68   fflti.o
        10          0          0          0          0         68   ffltui.o
       100          0          0          0          0         76   fmul.o

    ----------------------------------------------------------------------
      6064        132         67          4          0       3656   Library Totals
         8          0          3          0          0          0   (incl. Padding)

    ----------------------------------------------------------------------

      Code (inc. data)   RO Data    RW Data    ZI Data      Debug   Library Name

      4152        132         64          4          0       1812   mc_w.l
      1904          0          0          0          0       1844   mf_w.l

    ----------------------------------------------------------------------
      6064        132         67          4          0       3656   Library Totals

    ----------------------------------------------------------------------

==============================================================================


      Code (inc. data)   RO Data    RW Data    ZI Data      Debug   

     18404       1674       1888        724       4108     346711   Grand Totals
     18404       1674       1888        148       4108     346711   ELF Image Totals (compressed)
     18404       1674       1888        148          0          0   ROM Totals

==============================================================================

    Total RO  Size (Code + RO Data)                20292 (  19.82kB)
    Total RW  Size (RW Data + ZI Data)              4832 (   4.72kB)
    Total ROM Size (Code + RO Data + RW Data)      20440 (  19.96kB)

==============================================================================

